Archive member included to satisfy reference by file (symbol)

e:/iti/arm/arm_stm32f401/tools/arm gcc/bin/../lib/gcc/arm-none-eabi/5.4.1/armv7e-m\libgcc.a(_aeabi_uldivmod.o)
                              ./system/src/stm32f4-hal/stm32f4xx_hal_rcc.o (__aeabi_uldivmod)
e:/iti/arm/arm_stm32f401/tools/arm gcc/bin/../lib/gcc/arm-none-eabi/5.4.1/armv7e-m\libgcc.a(_udivmoddi4.o)
                              e:/iti/arm/arm_stm32f401/tools/arm gcc/bin/../lib/gcc/arm-none-eabi/5.4.1/armv7e-m\libgcc.a(_aeabi_uldivmod.o) (__udivmoddi4)
e:/iti/arm/arm_stm32f401/tools/arm gcc/bin/../lib/gcc/arm-none-eabi/5.4.1/armv7e-m\libgcc.a(_dvmd_tls.o)
                              e:/iti/arm/arm_stm32f401/tools/arm gcc/bin/../lib/gcc/arm-none-eabi/5.4.1/armv7e-m\libgcc.a(_aeabi_uldivmod.o) (__aeabi_ldiv0)
e:/iti/arm/arm_stm32f401/tools/arm gcc/bin/../lib/gcc/arm-none-eabi/5.4.1/../../../../arm-none-eabi/lib/armv7e-m\libg_nano.a(lib_a-errno.o)
                              ./system/src/newlib/sbrk.o (__errno)
e:/iti/arm/arm_stm32f401/tools/arm gcc/bin/../lib/gcc/arm-none-eabi/5.4.1/../../../../arm-none-eabi/lib/armv7e-m\libg_nano.a(lib_a-impure.o)
                              e:/iti/arm/arm_stm32f401/tools/arm gcc/bin/../lib/gcc/arm-none-eabi/5.4.1/../../../../arm-none-eabi/lib/armv7e-m\libg_nano.a(lib_a-errno.o) (_impure_ptr)
e:/iti/arm/arm_stm32f401/tools/arm gcc/bin/../lib/gcc/arm-none-eabi/5.4.1/../../../../arm-none-eabi/lib/armv7e-m\libg_nano.a(lib_a-strlen.o)
                              ./system/src/diag/trace.o (strlen)
e:/iti/arm/arm_stm32f401/tools/arm gcc/bin/../lib/gcc/arm-none-eabi/5.4.1/../../../../arm-none-eabi/lib/armv7e-m\libg_nano.a(lib_a-vsnprintf.o)
                              ./system/src/diag/trace.o (vsnprintf)
e:/iti/arm/arm_stm32f401/tools/arm gcc/bin/../lib/gcc/arm-none-eabi/5.4.1/../../../../arm-none-eabi/lib/armv7e-m\libg_nano.a(lib_a-nano-svfprintf.o)
                              e:/iti/arm/arm_stm32f401/tools/arm gcc/bin/../lib/gcc/arm-none-eabi/5.4.1/../../../../arm-none-eabi/lib/armv7e-m\libg_nano.a(lib_a-vsnprintf.o) (_svfprintf_r)
e:/iti/arm/arm_stm32f401/tools/arm gcc/bin/../lib/gcc/arm-none-eabi/5.4.1/../../../../arm-none-eabi/lib/armv7e-m\libg_nano.a(lib_a-nano-vfprintf_i.o)
                              e:/iti/arm/arm_stm32f401/tools/arm gcc/bin/../lib/gcc/arm-none-eabi/5.4.1/../../../../arm-none-eabi/lib/armv7e-m\libg_nano.a(lib_a-nano-svfprintf.o) (_printf_i)
e:/iti/arm/arm_stm32f401/tools/arm gcc/bin/../lib/gcc/arm-none-eabi/5.4.1/../../../../arm-none-eabi/lib/armv7e-m\libg_nano.a(lib_a-memchr.o)
                              e:/iti/arm/arm_stm32f401/tools/arm gcc/bin/../lib/gcc/arm-none-eabi/5.4.1/../../../../arm-none-eabi/lib/armv7e-m\libg_nano.a(lib_a-nano-svfprintf.o) (memchr)
e:/iti/arm/arm_stm32f401/tools/arm gcc/bin/../lib/gcc/arm-none-eabi/5.4.1/../../../../arm-none-eabi/lib/armv7e-m\libg_nano.a(lib_a-memcpy-stub.o)
                              e:/iti/arm/arm_stm32f401/tools/arm gcc/bin/../lib/gcc/arm-none-eabi/5.4.1/../../../../arm-none-eabi/lib/armv7e-m\libg_nano.a(lib_a-nano-svfprintf.o) (memcpy)
e:/iti/arm/arm_stm32f401/tools/arm gcc/bin/../lib/gcc/arm-none-eabi/5.4.1/../../../../arm-none-eabi/lib/armv7e-m\libg_nano.a(lib_a-memmove.o)
                              e:/iti/arm/arm_stm32f401/tools/arm gcc/bin/../lib/gcc/arm-none-eabi/5.4.1/../../../../arm-none-eabi/lib/armv7e-m\libg_nano.a(lib_a-nano-svfprintf.o) (memmove)
e:/iti/arm/arm_stm32f401/tools/arm gcc/bin/../lib/gcc/arm-none-eabi/5.4.1/../../../../arm-none-eabi/lib/armv7e-m\libg_nano.a(lib_a-nano-freer.o)
                              e:/iti/arm/arm_stm32f401/tools/arm gcc/bin/../lib/gcc/arm-none-eabi/5.4.1/../../../../arm-none-eabi/lib/armv7e-m\libg_nano.a(lib_a-nano-svfprintf.o) (_free_r)
e:/iti/arm/arm_stm32f401/tools/arm gcc/bin/../lib/gcc/arm-none-eabi/5.4.1/../../../../arm-none-eabi/lib/armv7e-m\libg_nano.a(lib_a-nano-mallocr.o)
                              e:/iti/arm/arm_stm32f401/tools/arm gcc/bin/../lib/gcc/arm-none-eabi/5.4.1/../../../../arm-none-eabi/lib/armv7e-m\libg_nano.a(lib_a-nano-svfprintf.o) (_malloc_r)
e:/iti/arm/arm_stm32f401/tools/arm gcc/bin/../lib/gcc/arm-none-eabi/5.4.1/../../../../arm-none-eabi/lib/armv7e-m\libg_nano.a(lib_a-nano-reallocr.o)
                              e:/iti/arm/arm_stm32f401/tools/arm gcc/bin/../lib/gcc/arm-none-eabi/5.4.1/../../../../arm-none-eabi/lib/armv7e-m\libg_nano.a(lib_a-nano-svfprintf.o) (_realloc_r)
e:/iti/arm/arm_stm32f401/tools/arm gcc/bin/../lib/gcc/arm-none-eabi/5.4.1/../../../../arm-none-eabi/lib/armv7e-m\libg_nano.a(lib_a-sbrkr.o)
                              e:/iti/arm/arm_stm32f401/tools/arm gcc/bin/../lib/gcc/arm-none-eabi/5.4.1/../../../../arm-none-eabi/lib/armv7e-m\libg_nano.a(lib_a-nano-mallocr.o) (_sbrk_r)
e:/iti/arm/arm_stm32f401/tools/arm gcc/bin/../lib/gcc/arm-none-eabi/5.4.1/../../../../arm-none-eabi/lib/armv7e-m\libg_nano.a(lib_a-mlock.o)
[...]
Memory Configuration

Name             Origin             Length             Attributes
RAM              0x20000000         0x00010000         xrw
CCMRAM           0x10000000         0x00000000         xrw
FLASH            0x08000000         0x00100000         xr
FLASHB1          0x00000000         0x00000000         xr
EXTMEMB0         0x00000000         0x00000000         xr
EXTMEMB1         0x00000000         0x00000000         xr
EXTMEMB2         0x00000000         0x00000000         xr
EXTMEMB3         0x00000000         0x00000000         xr
*default*        0x00000000         0xffffffff

Linker script and memory map

LOAD ./system/src/stm32f4-hal/stm32f4xx_hal.o
LOAD ./system/src/stm32f4-hal/stm32f4xx_hal_cortex.o
LOAD ./system/src/stm32f4-hal/stm32f4xx_hal_flash.o
LOAD ./system/src/stm32f4-hal/stm32f4xx_hal_flash_ex.o
LOAD ./system/src/stm32f4-hal/stm32f4xx_hal_flash_ramfunc.o
LOAD ./system/src/stm32f4-hal/stm32f4xx_hal_gpio.o
LOAD ./system/src/stm32f4-hal/stm32f4xx_hal_iwdg.o
LOAD ./system/src/stm32f4-hal/stm32f4xx_hal_pwr.o
LOAD ./system/src/stm32f4-hal/stm32f4xx_hal_rcc.o
LOAD ./system/src/newlib/assert.o
LOAD ./system/src/newlib/cxx.o
LOAD ./system/src/newlib/exit.o
LOAD ./system/src/newlib/sbrk.o
LOAD ./system/src/newlib/startup.o
LOAD ./system/src/newlib/syscalls.o
LOAD ./system/src/diag/trace-impl.o
LOAD ./system/src/diag/trace.o
LOAD ./system/src/cortexm/exception-handlers.o
LOAD ./system/src/cortexm/initialize-hardware.o
LOAD ./system/src/cortexm/reset-hardware.o
LOAD ./system/src/cmsis/system_stm32f4xx.o
LOAD ./system/src/cmsis/vectors_stm32f401xc.o
LOAD ./src/MCAL/GPIO.o
LOAD ./src/MCAL/RCC.o
LOAD ./src/HAL/LED.o
LOAD ./src/HAL/Switch.o
LOAD ./src/CFG/LED_Cfg.o
LOAD ./src/CFG/Switch_Cfg.o
LOAD ./src/APP/main.o
LOAD e:/iti/arm/arm_stm32f401/tools/arm gcc/bin/../lib/gcc/arm-none-eabi/5.4.1/../../../../arm-none-eabi/lib/armv7e-m\libstdc++_nano.a
LOAD e:/iti/arm/arm_stm32f401/tools/arm gcc/bin/../lib/gcc/arm-none-eabi/5.4.1/../../../../arm-none-eabi/lib/armv7e-m\libm.a
START GROUP
LOAD e:/iti/arm/arm_stm32f401/tools/arm gcc/bin/../lib/gcc/arm-none-eabi/5.4.1/armv7e-m\libgcc.a
LOAD e:/iti/arm/arm_stm32f401/tools/arm gcc/bin/../lib/gcc/arm-none-eabi/5.4.1/../../../../arm-none-eabi/lib/armv7e-m\libg_nano.a
LOAD e:/iti/arm/arm_stm32f401/tools/arm gcc/bin/../lib/gcc/arm-none-eabi/5.4.1/../../../../arm-none-eabi/lib/armv7e-m\libc_nano.a
END GROUP
START GROUP
LOAD e:/iti/arm/arm_stm32f401/tools/arm gcc/bin/../lib/gcc/arm-none-eabi/5.4.1/armv7e-m\libgcc.a
LOAD e:/iti/arm/arm_stm32f401/tools/arm gcc/bin/../lib/gcc/arm-none-eabi/5.4.1/../../../../arm-none-eabi/lib/armv7e-m\libc_nano.a
END GROUP
                0x20010000                __stack = (ORIGIN (RAM) + LENGTH (RAM))
                0x20010000                _estack = __stack
                0x00000400                __Main_Stack_Size = 0x400
                [!provide]                PROVIDE (_Main_Stack_Size, __Main_Stack_Size)
                0x2000fc00                __Main_Stack_Limit = (__stack - __Main_Stack_Size)
                [!provide]                PROVIDE (_Main_Stack_Limit, __Main_Stack_Limit)
                0x00000100                _Minimum_Stack_Size = 0x100
                0x20000114                PROVIDE (_Heap_Begin, _end_noinit)
                0x2000fc00                PROVIDE (_Heap_Limit, (__stack - __Main_Stack_Size))

.isr_vector     0x08000000      0x3f8
 FILL mask 0xff
                0x08000000                __vectors_start = ABSOLUTE (.)
                0x08000000                __vectors_start__ = ABSOLUTE (.)
 *(.isr_vector)
 .isr_vector    0x08000000      0x194 ./system/src/cmsis/vectors_stm32f401xc.o
                0x08000000                __isr_vectors
 *(.cfmconfig)
 *(.after_vectors .after_vectors.*)
 .after_vectors
                0x08000194      0x130 ./system/src/newlib/startup.o
                0x08000194                _start
 .after_vectors
                0x080002c4      0x130 ./system/src/cortexm/exception-handlers.o
                0x080002c4                Reset_Handler
                0x080002cc                NMI_Handler
                0x080002d0                HardFault_Handler
                0x080002e4                HardFault_Handler_C
                0x08000344                MemManage_Handler
                0x08000348                BusFault_Handler
                0x0800035c                BusFault_Handler_C
                0x08000390                UsageFault_Handler
                0x080003a4                UsageFault_Handler_C
                0x080003d8                SVC_Handler
                0x080003dc                DebugMon_Handler
                0x080003e0                PendSV_Handler
                0x080003e4                SysTick_Handler
 .after_vectors
                0x080003f4        0x4 ./system/src/cmsis/vectors_stm32f401xc.o
                0x080003f4                RTC_Alarm_IRQHandler
                0x080003f4                EXTI2_IRQHandler
                0x080003f4                SPI4_IRQHandler
                0x080003f4                TIM1_CC_IRQHandler
                0x080003f4                DMA2_Stream5_IRQHandler
                0x080003f4                DMA1_Stream5_IRQHandler
                0x080003f4                PVD_IRQHandler
                0x080003f4                SDIO_IRQHandler
                0x080003f4                TAMP_STAMP_IRQHandler
                0x080003f4                EXTI3_IRQHandler
                0x080003f4                TIM1_UP_TIM10_IRQHandler
                0x080003f4                I2C3_ER_IRQHandler
                0x080003f4                EXTI0_IRQHandler
                0x080003f4                I2C2_EV_IRQHandler
                0x080003f4                DMA1_Stream2_IRQHandler
                0x080003f4                FPU_IRQHandler
                0x080003f4                DMA2_Stream2_IRQHandler
                0x080003f4                SPI1_IRQHandler
                0x080003f4                TIM1_BRK_TIM9_IRQHandler
                0x080003f4                DMA2_Stream3_IRQHandler
                0x080003f4                USART6_IRQHandler
                0x080003f4                DMA2_Stream0_IRQHandler
                0x080003f4                TIM4_IRQHandler
                0x080003f4                I2C1_EV_IRQHandler
                0x080003f4                DMA1_Stream6_IRQHandler
                0x080003f4                DMA1_Stream1_IRQHandler
                0x080003f4                TIM3_IRQHandler
                0x080003f4                RCC_IRQHandler
                0x080003f4                Default_Handler
                0x080003f4                EXTI15_10_IRQHandler
                0x080003f4                ADC_IRQHandler
                0x080003f4                DMA1_Stream7_IRQHandler
                0x080003f4                TIM5_IRQHandler
                0x080003f4                DMA2_Stream7_IRQHandler
                0x080003f4                I2C3_EV_IRQHandler
                0x080003f4                EXTI9_5_IRQHandler
                0x080003f4                RTC_WKUP_IRQHandler
                0x080003f4                SPI2_IRQHandler
                0x080003f4                DMA1_Stream0_IRQHandler
                0x080003f4                EXTI4_IRQHandler
                0x080003f4                WWDG_IRQHandler
                0x080003f4                TIM2_IRQHandler
                0x080003f4                OTG_FS_WKUP_IRQHandler
                0x080003f4                TIM1_TRG_COM_TIM11_IRQHandler
                0x080003f4                EXTI1_IRQHandler
                0x080003f4                USART2_IRQHandler
                0x080003f4                I2C2_ER_IRQHandler
                0x080003f4                DMA2_Stream1_IRQHandler
                0x080003f4                FLASH_IRQHandler
                0x080003f4                DMA2_Stream4_IRQHandler
                0x080003f4                USART1_IRQHandler
                0x080003f4                OTG_FS_IRQHandler
                0x080003f4                SPI3_IRQHandler
                0x080003f4                DMA1_Stream4_IRQHandler
                0x080003f4                I2C1_ER_IRQHandler
                0x080003f4                DMA2_Stream6_IRQHandler
                0x080003f4                DMA1_Stream3_IRQHandler

.inits          0x080003f8       0x28
                0x080003f8                __data_regions_array_start = .
                0x080003f8        0x4 LONG 0x800146c LOADADDR (.data)
                0x080003fc        0x4 LONG 0x20000000 ADDR (.data)
                0x08000400        0x4 LONG 0x20000078 (ADDR (.data) + SIZEOF (.data))
                0x08000404        0x4 LONG 0x800146c LOADADDR (.data_CCMRAM)
                0x08000408        0x4 LONG 0x10000000 ADDR (.data_CCMRAM)
                0x0800040c        0x4 LONG 0x10000000 (ADDR (.data_CCMRAM) + SIZEOF (.data_CCMRAM))
                0x08000410                __data_regions_array_end = .
                0x08000410                __bss_regions_array_start = .
                0x08000410        0x4 LONG 0x20000078 ADDR (.bss)
                0x08000414        0x4 LONG 0x20000114 (ADDR (.bss) + SIZEOF (.bss))
                0x08000418        0x4 LONG 0x10000000 ADDR (.bss_CCMRAM)
                0x0800041c        0x4 LONG 0x10000000 (ADDR (.bss_CCMRAM) + SIZEOF (.bss_CCMRAM))
                0x08000420                __bss_regions_array_end = .
 *(.init)
 *(.fini)
                0x08000420                . = ALIGN (0x4)
                0x08000420                PROVIDE (__preinit_array_start, .)
 *(.preinit_array_sysinit .preinit_array_sysinit.*)
 *(.preinit_array_platform .preinit_array_platform.*)
 *(.preinit_array .preinit_array.*)
                0x08000420                PROVIDE (__preinit_array_end, .)
                0x08000420                . = ALIGN (0x4)
                0x08000420                PROVIDE (__init_array_start, .)
 *(SORT(.init_array.*))
 *(.init_array)
                0x08000420                PROVIDE (__init_array_end, .)
                0x08000420                . = ALIGN (0x4)
                0x08000420                PROVIDE (__fini_array_start, .)
 *(SORT(.fini_array.*))
 *(.fini_array)
                0x08000420                PROVIDE (__fini_array_end, .)

.flashtext
 *(.flashtext .flashtext.*)

.text           0x08000420     0x104b
 *(.text .text.*)
 .text._exit    0x08000420        0x4 ./system/src/newlib/exit.o
                0x08000420                _exit
 .text._sbrk    0x08000424       0x44 ./system/src/newlib/sbrk.o
                0x08000424                _sbrk
 .text.__initialize_args
                0x08000468       0x10 ./system/src/newlib/syscalls.o
                0x08000468                __initialize_args
 .text._trace_write_semihosting_debug
                0x08000478       0x64 ./system/src/diag/trace-impl.o
 .text.trace_write
                0x080004dc        0x8 ./system/src/diag/trace-impl.o
                0x080004dc                trace_write
 .text.trace_printf
                0x080004e4       0x30 ./system/src/diag/trace.o
                0x080004e4                trace_printf
 .text.dumpExceptionStack
                0x08000514       0xf0 ./system/src/cortexm/exception-handlers.o
                0x08000514                dumpExceptionStack
 .text.isSemihosting
                0x08000604       0x20 ./system/src/cortexm/exception-handlers.o
                0x08000604                isSemihosting
 .text.__initialize_hardware_early
                0x08000624       0x18 ./system/src/cortexm/initialize-hardware.o
                0x08000624                __initialize_hardware_early
 .text.__initialize_hardware
                0x0800063c        0x8 ./system/src/cortexm/initialize-hardware.o
                0x0800063c                __initialize_hardware
 .text.SystemInit
                0x08000644       0x10 ./system/src/cmsis/system_stm32f4xx.o
                0x08000644                SystemInit
 .text.SystemCoreClockUpdate
                0x08000654       0xa0 ./system/src/cmsis/system_stm32f4xx.o
                0x08000654                SystemCoreClockUpdate
 .text.GPIO_InitPin
                0x080006f4       0xb8 ./src/MCAL/GPIO.o
                0x080006f4                GPIO_InitPin
 .text.GPIO_Set_PinValue
                0x080007ac       0x38 ./src/MCAL/GPIO.o
                0x080007ac                GPIO_Set_PinValue
 .text.GPIO_Get_GetPinValue
                0x080007e4       0x38 ./src/MCAL/GPIO.o
                0x080007e4                GPIO_Get_GetPinValue
 .text.RCC_Enable_AHB1_Peripheral
                0x0800081c       0x10 ./src/MCAL/RCC.o
                0x0800081c                RCC_Enable_AHB1_Peripheral
 .text.LED_Init
                0x0800082c       0x44 ./src/HAL/LED.o
                0x0800082c                LED_Init
 .text.LED_Set_Status
                0x08000870       0x1c ./src/HAL/LED.o
                0x08000870                LED_Set_Status
 .text.Switch_Init
                0x0800088c       0x38 ./src/HAL/Switch.o
                0x0800088c                Switch_Init
 .text.Switch_Get_Status
                0x080008c4       0x48 ./src/HAL/Switch.o
                0x080008c4                Switch_Get_Status
 .text.main     0x0800090c       0x7c ./src/APP/main.o
                0x0800090c                main
 .text.__errno  0x08000988        0xc e:/iti/arm/arm_stm32f401/tools/arm gcc/bin/../lib/gcc/arm-none-eabi/5.4.1/../../../../arm-none-eabi/lib/armv7e-m\libg_nano.a(lib_a-errno.o)
                0x08000988                __errno
 .text._vsnprintf_r
                0x08000994       0x56 e:/iti/arm/arm_stm32f401/tools/arm gcc/bin/../lib/gcc/arm-none-eabi/5.4.1/../../../../arm-none-eabi/lib/armv7e-m\libg_nano.a(lib_a-vsnprintf.o)
                0x08000994                _vsniprintf_r
                0x08000994                _vsnprintf_r
 *fill*         0x080009ea        0x2 
 .text.vsnprintf
                0x080009ec       0x1c e:/iti/arm/arm_stm32f401/tools/arm gcc/bin/../lib/gcc/arm-none-eabi/5.4.1/../../../../arm-none-eabi/lib/armv7e-m\libg_nano.a(lib_a-vsnprintf.o)
                0x080009ec                vsniprintf
                0x080009ec                vsnprintf
 .text.__ssputs_r
                0x08000a08       0xb2 e:/iti/arm/arm_stm32f401/tools/arm gcc/bin/../lib/gcc/arm-none-eabi/5.4.1/../../../../arm-none-eabi/lib/armv7e-m\libg_nano.a(lib_a-nano-svfprintf.o)
                0x08000a08                __ssputs_r
 *fill*         0x08000aba        0x2 
 .text._svfprintf_r
                0x08000abc      0x1e8 e:/iti/arm/arm_stm32f401/tools/arm gcc/bin/../lib/gcc/arm-none-eabi/5.4.1/../../../../arm-none-eabi/lib/armv7e-m\libg_nano.a(lib_a-nano-svfprintf.o)
                0x08000abc                _svfiprintf_r
                0x08000abc                _svfprintf_r
 .text._printf_common
                0x08000ca4       0xec e:/iti/arm/arm_stm32f401/tools/arm gcc/bin/../lib/gcc/arm-none-eabi/5.4.1/../../../../arm-none-eabi/lib/armv7e-m\libg_nano.a(lib_a-nano-vfprintf_i.o)
                0x08000ca4                _printf_common
 .text._printf_i
                0x08000d90      0x24c e:/iti/arm/arm_stm32f401/tools/arm gcc/bin/../lib/gcc/arm-none-eabi/5.4.1/../../../../arm-none-eabi/lib/armv7e-m\libg_nano.a(lib_a-nano-vfprintf_i.o)
                0x08000d90                _printf_i
 *fill*         0x08000fdc        0x4 
 .text          0x08000fe0       0xa0 e:/iti/arm/arm_stm32f401/tools/arm gcc/bin/../lib/gcc/arm-none-eabi/5.4.1/../../../../arm-none-eabi/lib/armv7e-m\libg_nano.a(lib_a-memchr.o)
                0x08000fe0                memchr
 .text.memcpy   0x08001080       0x16 e:/iti/arm/arm_stm32f401/tools/arm gcc/bin/../lib/gcc/arm-none-eabi/5.4.1/../../../../arm-none-eabi/lib/armv7e-m\libg_nano.a(lib_a-memcpy-stub.o)
                0x08001080                memcpy
 .text.memmove  0x08001096       0x36 e:/iti/arm/arm_stm32f401/tools/arm gcc/bin/../lib/gcc/arm-none-eabi/5.4.1/../../../../arm-none-eabi/lib/armv7e-m\libg_nano.a(lib_a-memmove.o)
                0x08001096                memmove
 .text._free_r  0x080010cc       0x9c e:/iti/arm/arm_stm32f401/tools/arm gcc/bin/../lib/gcc/arm-none-eabi/5.4.1/../../../../arm-none-eabi/lib/armv7e-m\libg_nano.a(lib_a-nano-freer.o)
                0x080010cc                _free_r
 .text._malloc_r
                0x08001168       0xbc e:/iti/arm/arm_stm32f401/tools/arm gcc/bin/../lib/gcc/arm-none-eabi/5.4.1/../../../../arm-none-eabi/lib/armv7e-m\libg_nano.a(lib_a-nano-mallocr.o)
                0x08001168                _malloc_r
 .text._realloc_r
                0x08001224       0x4c e:/iti/arm/arm_stm32f401/tools/arm gcc/bin/../lib/gcc/arm-none-eabi/5.4.1/../../../../arm-none-eabi/lib/armv7e-m\libg_nano.a(lib_a-nano-reallocr.o)
                0x08001224                _realloc_r
 .text._sbrk_r  0x08001270       0x20 e:/iti/arm/arm_stm32f401/tools/arm gcc/bin/../lib/gcc/arm-none-eabi/5.4.1/../../../../arm-none-eabi/lib/armv7e-m\libg_nano.a(lib_a-sbrkr.o)
                0x08001270                _sbrk_r
 .text.__malloc_lock
                0x08001290        0x2 e:/iti/arm/arm_stm32f401/tools/arm gcc/bin/../lib/gcc/arm-none-eabi/5.4.1/../../../../arm-none-eabi/lib/armv7e-m\libg_nano.a(lib_a-mlock.o)
                0x08001290                __malloc_lock
 .text.__malloc_unlock
                0x08001292        0x2 e:/iti/arm/arm_stm32f401/tools/arm gcc/bin/../lib/gcc/arm-none-eabi/5.4.1/../../../../arm-none-eabi/lib/armv7e-m\libg_nano.a(lib_a-mlock.o)
                0x08001292                __malloc_unlock
 .text._malloc_usable_size_r
                0x08001294       0x14 e:/iti/arm/arm_stm32f401/tools/arm gcc/bin/../lib/gcc/arm-none-eabi/5.4.1/../../../../arm-none-eabi/lib/armv7e-m\libg_nano.a(lib_a-nano-msizer.o)
                0x08001294                _malloc_usable_size_r
 *(.rodata .rodata.* .constdata .constdata.*)
 .rodata.str1.4
                0x080012a8      0x148 ./system/src/cortexm/exception-handlers.o
                                0x146 (size before relaxing)
 .rodata.AHBPrescTable
                0x080013f0       0x10 ./system/src/cmsis/system_stm32f4xx.o
                0x080013f0                AHBPrescTable
 .rodata.LEDS   0x08001400       0x20 ./src/CFG/LED_Cfg.o
                0x08001400                LEDS
 .rodata.SwitchS
                0x08001420       0x18 ./src/CFG/Switch_Cfg.o
                0x08001420                SwitchS
 .rodata.str1.1
                0x08001438       0x11 e:/iti/arm/arm_stm32f401/tools/arm gcc/bin/../lib/gcc/arm-none-eabi/5.4.1/../../../../arm-none-eabi/lib/armv7e-m\libg_nano.a(lib_a-nano-svfprintf.o)
 .rodata.str1.1
                0x08001449       0x22 e:/iti/arm/arm_stm32f401/tools/arm gcc/bin/../lib/gcc/arm-none-eabi/5.4.1/../../../../arm-none-eabi/lib/armv7e-m\libg_nano.a(lib_a-nano-vfprintf_i.o)
 *(vtable)
 *(.eh_frame*)
 *(.glue_7)
 .glue_7        0x0800146b        0x0 linker stubs
 *(.glue_7t)
 .glue_7t       0x0800146b        0x0 linker stubs

.vfp11_veneer   0x0800146c        0x0
 .vfp11_veneer  0x0800146c        0x0 linker stubs

.v4_bx          0x0800146c        0x0
 .v4_bx         0x0800146c        0x0 linker stubs

.iplt           0x0800146c        0x0
 .iplt          0x0800146c        0x0 ./system/src/stm32f4-hal/stm32f4xx_hal.o

.rel.dyn        0x0800146c        0x0
 .rel.iplt      0x0800146c        0x0 ./system/src/stm32f4-hal/stm32f4xx_hal.o

.ARM.extab
 *(.ARM.extab* .gnu.linkonce.armextab.*)
                0x0800146c                . = ALIGN (0x4)
                0x0800146c                __exidx_start = .

.ARM.exidx
 *(.ARM.exidx* .gnu.linkonce.armexidx.*)
                0x0800146c                __exidx_end = .
                0x0800146c                . = ALIGN (0x4)
                0x0800146c                _etext = .
                0x0800146c                __etext = .

.data_CCMRAM    0x10000000        0x0 load address 0x0800146c
 FILL mask 0xff
 *(.data.CCMRAM .data.CCMRAM.*)
                0x10000000                . = ALIGN (0x4)
                0x0800146c                _sidata = LOADADDR (.data)

.data           0x20000000       0x78 load address 0x0800146c
 FILL mask 0xff
                0x20000000                _sdata = .
                0x20000000                __data_start__ = .
 *(.data_begin .data_begin.*)
 .data_begin    0x20000000        0x4 ./system/src/newlib/startup.o
 *(.data .data.*)
 .data.argv.4290
                0x20000004        0x8 ./system/src/newlib/syscalls.o
 .data.SystemCoreClock
                0x2000000c        0x4 ./system/src/cmsis/system_stm32f4xx.o
                0x2000000c                SystemCoreClock
 .data.impure_data
                0x20000010       0x60 e:/iti/arm/arm_stm32f401/tools/arm gcc/bin/../lib/gcc/arm-none-eabi/5.4.1/../../../../arm-none-eabi/lib/armv7e-m\libg_nano.a(lib_a-impure.o)
 .data._impure_ptr
                0x20000070        0x4 e:/iti/arm/arm_stm32f401/tools/arm gcc/bin/../lib/gcc/arm-none-eabi/5.4.1/../../../../arm-none-eabi/lib/armv7e-m\libg_nano.a(lib_a-impure.o)
                0x20000070                _impure_ptr
 *(.data_end .data_end.*)
 .data_end      0x20000074        0x4 ./system/src/newlib/startup.o
                0x20000078                . = ALIGN (0x4)
                0x20000078                _edata = .
                0x20000078                __data_end__ = .

.igot.plt       0x20000078        0x0 load address 0x080014e4
 .igot.plt      0x20000078        0x0 ./system/src/stm32f4-hal/stm32f4xx_hal.o

.bss_CCMRAM     0x10000000        0x0
 *(.bss.CCMRAM .bss.CCMRAM.*)

.bss            0x20000078       0x9c
                0x20000078                __bss_start__ = .
                0x20000078                _sbss = .
 *(.bss_begin .bss_begin.*)
 .bss_begin     0x20000078        0x4 ./system/src/newlib/startup.o
 *(.bss .bss.*)
 .bss.current_heap_end.3974
                0x2000007c        0x4 ./system/src/newlib/sbrk.o
 .bss.name.4289
                0x20000080        0x1 ./system/src/newlib/syscalls.o
 *fill*         0x20000081        0x3 
 .bss.buf.5179  0x20000084       0x80 ./system/src/diag/trace.o
 .bss.__malloc_sbrk_start
                0x20000104        0x4 e:/iti/arm/arm_stm32f401/tools/arm gcc/bin/../lib/gcc/arm-none-eabi/5.4.1/../../../../arm-none-eabi/lib/armv7e-m\libg_nano.a(lib_a-nano-mallocr.o)
                0x20000104                __malloc_sbrk_start
 .bss.__malloc_free_list
                0x20000108        0x4 e:/iti/arm/arm_stm32f401/tools/arm gcc/bin/../lib/gcc/arm-none-eabi/5.4.1/../../../../arm-none-eabi/lib/armv7e-m\libg_nano.a(lib_a-nano-mallocr.o)
                0x20000108                __malloc_free_list
 *(COMMON)
 COMMON         0x2000010c        0x4 ./system/src/newlib/syscalls.o
                0x2000010c                errno
 *(.bss_end .bss_end.*)
 .bss_end       0x20000110        0x4 ./system/src/newlib/startup.o
                0x20000114                . = ALIGN (0x4)
                0x20000114                __bss_end__ = .
                0x20000114                _ebss = .

.noinit_CCMRAM
 *(.noinit.CCMRAM .noinit.CCMRAM.*)

.noinit         0x20000114        0x0
                0x20000114                _noinit = .
 *(.noinit .noinit.*)
                0x20000114                . = ALIGN (0x4)
                0x20000114                _end_noinit = .
                [!provide]                PROVIDE (end, _end_noinit)
                [!provide]                PROVIDE (_end, _end_noinit)
                [!provide]                PROVIDE (__end, _end_noinit)
                [!provide]                PROVIDE (__end__, _end_noinit)

._check_stack   0x20000114      0x100
                0x20000214                . = (. + _Minimum_Stack_Size)
 *fill*         0x20000114      0x100 

.b1text
 *(.b1text)
 *(.b1rodata)
 *(.b1rodata.*)

.eb0text
 *(.eb0text)
 *(.eb0rodata)
 *(.eb0rodata.*)

.eb1text
 *(.eb1text)
 *(.eb1rodata)
 *(.eb1rodata.*)

.eb2text
 *(.eb2text)
 *(.eb2rodata)
 *(.eb2rodata.*)

.eb3text
 *(.eb3text)
 *(.eb3rodata)
 *(.eb3rodata.*)

.stab
 *(.stab)

.stabstr
 *(.stabstr)

.stab.excl
 *(.stab.excl)

.stab.exclstr
 *(.stab.exclstr)

.stab.index
 *(.stab.index)

.stab.indexstr
 *(.stab.indexstr)

.comment        0x00000000       0x6e
 *(.comment)
 .comment       0x00000000       0x6e ./system/src/newlib/exit.o
                                 0x6f (size before relaxing)
 .comment       0x0000006e       0x6f ./system/src/newlib/sbrk.o
 .comment       0x0000006e       0x6f ./system/src/newlib/startup.o
 .comment       0x0000006e       0x6f ./system/src/newlib/syscalls.o
 .comment       0x0000006e       0x6f ./system/src/diag/trace-impl.o
 .comment       0x0000006e       0x6f ./system/src/diag/trace.o
 .comment       0x0000006e       0x6f ./system/src/cortexm/exception-handlers.o
 .comment       0x0000006e       0x6f ./system/src/cortexm/initialize-hardware.o
 .comment       0x0000006e       0x6f ./system/src/cmsis/system_stm32f4xx.o
 .comment       0x0000006e       0x6f ./system/src/cmsis/vectors_stm32f401xc.o
 .comment       0x0000006e       0x6f ./src/MCAL/GPIO.o
 .comment       0x0000006e       0x6f ./src/MCAL/RCC.o
 .comment       0x0000006e       0x6f ./src/HAL/LED.o
 .comment       0x0000006e       0x6f ./src/HAL/Switch.o
 .comment       0x0000006e       0x6f ./src/CFG/LED_Cfg.o
 .comment       0x0000006e       0x6f ./src/CFG/Switch_Cfg.o
 .comment       0x0000006e       0x6f ./src/APP/main.o

.ARM.attributes
                0x00000000       0x31
 .ARM.attributes
                0x00000000       0x33 ./system/src/newlib/exit.o
 .ARM.attributes
                0x00000033       0x33 ./system/src/newlib/sbrk.o
 .ARM.attributes
                0x00000066       0x33 ./system/src/newlib/startup.o
 .ARM.attributes
                0x00000099       0x33 ./system/src/newlib/syscalls.o
 .ARM.attributes
                0x000000cc       0x33 ./system/src/diag/trace-impl.o
 .ARM.attributes
                0x000000ff       0x33 ./system/src/diag/trace.o
 .ARM.attributes
                0x00000132       0x33 ./system/src/cortexm/exception-handlers.o
 .ARM.attributes
                0x00000165       0x33 ./system/src/cortexm/initialize-hardware.o
 .ARM.attributes
                0x00000198       0x33 ./system/src/cmsis/system_stm32f4xx.o
 .ARM.attributes
                0x000001cb       0x33 ./system/src/cmsis/vectors_stm32f401xc.o
 .ARM.attributes
                0x000001fe       0x33 ./src/MCAL/GPIO.o
 .ARM.attributes
                0x00000231       0x33 ./src/MCAL/RCC.o
 .ARM.attributes
                0x00000264       0x33 ./src/HAL/LED.o
 .ARM.attributes
                0x00000297       0x33 ./src/HAL/Switch.o
 .ARM.attributes
                0x000002ca       0x33 ./src/CFG/LED_Cfg.o
 .ARM.attributes
                0x000002fd       0x33 ./src/CFG/Switch_Cfg.o
 .ARM.attributes
                0x00000330       0x33 ./src/APP/main.o
 .ARM.attributes
                0x00000363       0x2e e:/iti/arm/arm_stm32f401/tools/arm gcc/bin/../lib/gcc/arm-none-eabi/5.4.1/../../../../arm-none-eabi/lib/armv7e-m\libg_nano.a(lib_a-errno.o)
 .ARM.attributes
                0x00000391       0x2e e:/iti/arm/arm_stm32f401/tools/arm gcc/bin/../lib/gcc/arm-none-eabi/5.4.1/../../../../arm-none-eabi/lib/armv7e-m\libg_nano.a(lib_a-impure.o)
 .ARM.attributes
                0x000003bf       0x2e e:/iti/arm/arm_stm32f401/tools/arm gcc/bin/../lib/gcc/arm-none-eabi/5.4.1/../../../../arm-none-eabi/lib/armv7e-m\libg_nano.a(lib_a-vsnprintf.o)
 .ARM.attributes
                0x000003ed       0x2e e:/iti/arm/arm_stm32f401/tools/arm gcc/bin/../lib/gcc/arm-none-eabi/5.4.1/../../../../arm-none-eabi/lib/armv7e-m\libg_nano.a(lib_a-nano-svfprintf.o)
 .ARM.attributes
                0x0000041b       0x2e e:/iti/arm/arm_stm32f401/tools/arm gcc/bin/../lib/gcc/arm-none-eabi/5.4.1/../../../../arm-none-eabi/lib/armv7e-m\libg_nano.a(lib_a-nano-vfprintf_i.o)
 .ARM.attributes
                0x00000449       0x1c e:/iti/arm/arm_stm32f401/tools/arm gcc/bin/../lib/gcc/arm-none-eabi/5.4.1/../../../../arm-none-eabi/lib/armv7e-m\libg_nano.a(lib_a-memchr.o)
 .ARM.attributes
                0x00000465       0x2e e:/iti/arm/arm_stm32f401/tools/arm gcc/bin/../lib/gcc/arm-none-eabi/5.4.1/../../../../arm-none-eabi/lib/armv7e-m\libg_nano.a(lib_a-memcpy-stub.o)
 .ARM.attributes
                0x00000493       0x2e e:/iti/arm/arm_stm32f401/tools/arm gcc/bin/../lib/gcc/arm-none-eabi/5.4.1/../../../../arm-none-eabi/lib/armv7e-m\libg_nano.a(lib_a-memmove.o)
 .ARM.attributes
                0x000004c1       0x2e e:/iti/arm/arm_stm32f401/tools/arm gcc/bin/../lib/gcc/arm-none-eabi/5.4.1/../../../../arm-none-eabi/lib/armv7e-m\libg_nano.a(lib_a-nano-freer.o)
 .ARM.attributes
                0x000004ef       0x2e e:/iti/arm/arm_stm32f401/tools/arm gcc/bin/../lib/gcc/arm-none-eabi/5.4.1/../../../../arm-none-eabi/lib/armv7e-m\libg_nano.a(lib_a-nano-mallocr.o)
 .ARM.attributes
                0x0000051d       0x2e e:/iti/arm/arm_stm32f401/tools/arm gcc/bin/../lib/gcc/arm-none-eabi/5.4.1/../../../../arm-none-eabi/lib/armv7e-m\libg_nano.a(lib_a-nano-reallocr.o)
 .ARM.attributes
                0x0000054b       0x2e e:/iti/arm/arm_stm32f401/tools/arm gcc/bin/../lib/gcc/arm-none-eabi/5.4.1/../../../../arm-none-eabi/lib/armv7e-m\libg_nano.a(lib_a-sbrkr.o)
 .ARM.attributes
                0x00000579       0x2e e:/iti/arm/arm_stm32f401/tools/arm gcc/bin/../lib/gcc/arm-none-eabi/5.4.1/../../../../arm-none-eabi/lib/armv7e-m\libg_nano.a(lib_a-mlock.o)
 .ARM.attributes
                0x000005a7       0x2e e:/iti/arm/arm_stm32f401/tools/arm gcc/bin/../lib/gcc/arm-none-eabi/5.4.1/../../../../arm-none-eabi/lib/armv7e-m\libg_nano.a(lib_a-nano-msizer.o)

.debug
 *(.debug)

.line
 *(.line)

.debug_srcinfo
 *(.debug_srcinfo)

.debug_sfnames
 *(.debug_sfnames)

.debug_aranges  0x00000000      0x390
 *(.debug_aranges)
 .debug_aranges
                0x00000000       0x28 ./system/src/newlib/exit.o
 .debug_aranges
                0x00000028       0x20 ./system/src/newlib/sbrk.o
 .debug_aranges
                0x00000048       0x40 ./system/src/newlib/startup.o
 .debug_aranges
                0x00000088       0x30 ./system/src/newlib/syscalls.o
 .debug_aranges
                0x000000b8       0x30 ./system/src/diag/trace-impl.o
 .debug_aranges
                0x000000e8       0x38 ./system/src/diag/trace.o
 .debug_aranges
                0x00000120       0x90 ./system/src/cortexm/exception-handlers.o
 .debug_aranges
                0x000001b0       0x28 ./system/src/cortexm/initialize-hardware.o
 .debug_aranges
                0x000001d8       0x28 ./system/src/cmsis/system_stm32f4xx.o
 .debug_aranges
                0x00000200       0x20 ./system/src/cmsis/vectors_stm32f401xc.o
 .debug_aranges
                0x00000220       0x30 ./src/MCAL/GPIO.o
 .debug_aranges
                0x00000250       0xa0 ./src/MCAL/RCC.o
 .debug_aranges
                0x000002f0       0x28 ./src/HAL/LED.o
 .debug_aranges
                0x00000318       0x28 ./src/HAL/Switch.o
 .debug_aranges
                0x00000340       0x18 ./src/CFG/LED_Cfg.o
 .debug_aranges
                0x00000358       0x18 ./src/CFG/Switch_Cfg.o
 .debug_aranges
                0x00000370       0x20 ./src/APP/main.o

.debug_pubnames
 *(.debug_pubnames)

.debug_info     0x00000000     0x339a
 *(.debug_info .gnu.linkonce.wi.*)
 .debug_info    0x00000000       0xef ./system/src/newlib/exit.o
 .debug_info    0x000000ef      0x11f ./system/src/newlib/sbrk.o
 .debug_info    0x0000020e      0x4f2 ./system/src/newlib/startup.o
 .debug_info    0x00000700      0x1c7 ./system/src/newlib/syscalls.o
 .debug_info    0x000008c7      0x30b ./system/src/diag/trace-impl.o
 .debug_info    0x00000bd2      0x2e7 ./system/src/diag/trace.o
 .debug_info    0x00000eb9      0x8f4 ./system/src/cortexm/exception-handlers.o
 .debug_info    0x000017ad      0x2b8 ./system/src/cortexm/initialize-hardware.o
 .debug_info    0x00001a65      0x502 ./system/src/cmsis/system_stm32f4xx.o
 .debug_info    0x00001f67       0xd1 ./system/src/cmsis/vectors_stm32f401xc.o
 .debug_info    0x00002038      0x2dd ./src/MCAL/GPIO.o
 .debug_info    0x00002315      0x779 ./src/MCAL/RCC.o
 .debug_info    0x00002a8e      0x29c ./src/HAL/LED.o
 .debug_info    0x00002d2a      0x273 ./src/HAL/Switch.o
 .debug_info    0x00002f9d      0x10a ./src/CFG/LED_Cfg.o
 .debug_info    0x000030a7       0xfe ./src/CFG/Switch_Cfg.o
 .debug_info    0x000031a5      0x1f5 ./src/APP/main.o

.debug_abbrev   0x00000000     0x1222
 *(.debug_abbrev)
 .debug_abbrev  0x00000000       0x8e ./system/src/newlib/exit.o
 .debug_abbrev  0x0000008e       0xb9 ./system/src/newlib/sbrk.o
 .debug_abbrev  0x00000147      0x1b6 ./system/src/newlib/startup.o
 .debug_abbrev  0x000002fd       0xec ./system/src/newlib/syscalls.o
 .debug_abbrev  0x000003e9      0x1c8 ./system/src/diag/trace-impl.o
 .debug_abbrev  0x000005b1      0x156 ./system/src/diag/trace.o
 .debug_abbrev  0x00000707      0x247 ./system/src/cortexm/exception-handlers.o
 .debug_abbrev  0x0000094e       0xea ./system/src/cortexm/initialize-hardware.o
 .debug_abbrev  0x00000a38      0x104 ./system/src/cmsis/system_stm32f4xx.o
 .debug_abbrev  0x00000b3c       0x9d ./system/src/cmsis/vectors_stm32f401xc.o
 .debug_abbrev  0x00000bd9       0xcb ./src/MCAL/GPIO.o
 .debug_abbrev  0x00000ca4      0x133 ./src/MCAL/RCC.o
 .debug_abbrev  0x00000dd7      0x121 ./src/HAL/LED.o
 .debug_abbrev  0x00000ef8      0x12c ./src/HAL/Switch.o
 .debug_abbrev  0x00001024       0x9f ./src/CFG/LED_Cfg.o
 .debug_abbrev  0x000010c3       0x9f ./src/CFG/Switch_Cfg.o
 .debug_abbrev  0x00001162       0xc0 ./src/APP/main.o

.debug_line     0x00000000     0x3ec4
 *(.debug_line)
 .debug_line    0x00000000      0x2f4 ./system/src/newlib/exit.o
 .debug_line    0x000002f4      0x2a5 ./system/src/newlib/sbrk.o
 .debug_line    0x00000599      0x36d ./system/src/newlib/startup.o
 .debug_line    0x00000906      0x3ae ./system/src/newlib/syscalls.o
 .debug_line    0x00000cb4      0xa7f ./system/src/diag/trace-impl.o
 .debug_line    0x00001733      0x363 ./system/src/diag/trace.o
 .debug_line    0x00001a96      0xb29 ./system/src/cortexm/exception-handlers.o
 .debug_line    0x000025bf      0x810 ./system/src/cortexm/initialize-hardware.o
 .debug_line    0x00002dcf      0x80b ./system/src/cmsis/system_stm32f4xx.o
 .debug_line    0x000035da       0xf4 ./system/src/cmsis/vectors_stm32f401xc.o
 .debug_line    0x000036ce      0x112 ./src/MCAL/GPIO.o
 .debug_line    0x000037e0      0x269 ./src/MCAL/RCC.o
 .debug_line    0x00003a49      0x103 ./src/HAL/LED.o
 .debug_line    0x00003b4c      0x10c ./src/HAL/Switch.o
 .debug_line    0x00003c58       0xb8 ./src/CFG/LED_Cfg.o
 .debug_line    0x00003d10       0xc1 ./src/CFG/Switch_Cfg.o
 .debug_line    0x00003dd1       0xf3 ./src/APP/main.o

.debug_frame    0x00000000      0x91c
 *(.debug_frame)
 .debug_frame   0x00000000       0x38 ./system/src/newlib/exit.o
 .debug_frame   0x00000038       0x28 ./system/src/newlib/sbrk.o
 .debug_frame   0x00000060       0x7c ./system/src/newlib/startup.o
 .debug_frame   0x000000dc       0x50 ./system/src/newlib/syscalls.o
 .debug_frame   0x0000012c       0x60 ./system/src/diag/trace-impl.o
 .debug_frame   0x0000018c       0x94 ./system/src/diag/trace.o
 .debug_frame   0x00000220      0x158 ./system/src/cortexm/exception-handlers.o
 .debug_frame   0x00000378       0x40 ./system/src/cortexm/initialize-hardware.o
 .debug_frame   0x000003b8       0x30 ./system/src/cmsis/system_stm32f4xx.o
 .debug_frame   0x000003e8       0x20 ./system/src/cmsis/vectors_stm32f401xc.o
 .debug_frame   0x00000408       0x58 ./src/MCAL/GPIO.o
 .debug_frame   0x00000460      0x12c ./src/MCAL/RCC.o
 .debug_frame   0x0000058c       0x4c ./src/HAL/LED.o
 .debug_frame   0x000005d8       0x58 ./src/HAL/Switch.o
 .debug_frame   0x00000630       0x28 ./src/APP/main.o
 .debug_frame   0x00000658       0x20 e:/iti/arm/arm_stm32f401/tools/arm gcc/bin/../lib/gcc/arm-none-eabi/5.4.1/../../../../arm-none-eabi/lib/armv7e-m\libg_nano.a(lib_a-errno.o)
 .debug_frame   0x00000678       0x48 e:/iti/arm/arm_stm32f401/tools/arm gcc/bin/../lib/gcc/arm-none-eabi/5.4.1/../../../../arm-none-eabi/lib/armv7e-m\libg_nano.a(lib_a-vsnprintf.o)
 .debug_frame   0x000006c0       0x90 e:/iti/arm/arm_stm32f401/tools/arm gcc/bin/../lib/gcc/arm-none-eabi/5.4.1/../../../../arm-none-eabi/lib/armv7e-m\libg_nano.a(lib_a-nano-svfprintf.o)
 .debug_frame   0x00000750       0x60 e:/iti/arm/arm_stm32f401/tools/arm gcc/bin/../lib/gcc/arm-none-eabi/5.4.1/../../../../arm-none-eabi/lib/armv7e-m\libg_nano.a(lib_a-nano-vfprintf_i.o)
 .debug_frame   0x000007b0       0x28 e:/iti/arm/arm_stm32f401/tools/arm gcc/bin/../lib/gcc/arm-none-eabi/5.4.1/../../../../arm-none-eabi/lib/armv7e-m\libg_nano.a(lib_a-memcpy-stub.o)
 .debug_frame   0x000007d8       0x28 e:/iti/arm/arm_stm32f401/tools/arm gcc/bin/../lib/gcc/arm-none-eabi/5.4.1/../../../../arm-none-eabi/lib/armv7e-m\libg_nano.a(lib_a-memmove.o)
 .debug_frame   0x00000800       0x38 e:/iti/arm/arm_stm32f401/tools/arm gcc/bin/../lib/gcc/arm-none-eabi/5.4.1/../../../../arm-none-eabi/lib/armv7e-m\libg_nano.a(lib_a-nano-freer.o)
 .debug_frame   0x00000838       0x2c e:/iti/arm/arm_stm32f401/tools/arm gcc/bin/../lib/gcc/arm-none-eabi/5.4.1/../../../../arm-none-eabi/lib/armv7e-m\libg_nano.a(lib_a-nano-mallocr.o)
 .debug_frame   0x00000864       0x3c e:/iti/arm/arm_stm32f401/tools/arm gcc/bin/../lib/gcc/arm-none-eabi/5.4.1/../../../../arm-none-eabi/lib/armv7e-m\libg_nano.a(lib_a-nano-reallocr.o)
 .debug_frame   0x000008a0       0x2c e:/iti/arm/arm_stm32f401/tools/arm gcc/bin/../lib/gcc/arm-none-eabi/5.4.1/../../../../arm-none-eabi/lib/armv7e-m\libg_nano.a(lib_a-sbrkr.o)
 .debug_frame   0x000008cc       0x30 e:/iti/arm/arm_stm32f401/tools/arm gcc/bin/../lib/gcc/arm-none-eabi/5.4.1/../../../../arm-none-eabi/lib/armv7e-m\libg_nano.a(lib_a-mlock.o)
 .debug_frame   0x000008fc       0x20 e:/iti/arm/arm_stm32f401/tools/arm gcc/bin/../lib/gcc/arm-none-eabi/5.4.1/../../../../arm-none-eabi/lib/armv7e-m\libg_nano.a(lib_a-nano-msizer.o)

.debug_str      0x00000000    0xa7711
 *(.debug_str)
 .debug_str     0x00000000     0x6d69 ./system/src/newlib/exit.o
                               0x6edb (size before relaxing)
 .debug_str     0x00006d69      0x4dd ./system/src/newlib/sbrk.o
                               0x62c6 (size before relaxing)
 .debug_str     0x00007246      0xc28 ./system/src/newlib/startup.o
                               0x5ee1 (size before relaxing)
 .debug_str     0x00007e6e      0xe17 ./system/src/newlib/syscalls.o
                               0x7126 (size before relaxing)
 .debug_str     0x00008c85    0x9c647 ./system/src/diag/trace-impl.o
                              0xa32a3 (size before relaxing)
 .debug_str     0x000a52cc      0x884 ./system/src/diag/trace.o
                               0x76cc (size before relaxing)
 .debug_str     0x000a5b50      0x20c ./system/src/cortexm/exception-handlers.o
                              0xa4065 (size before relaxing)
 .debug_str     0x000a5d5c       0x5d ./system/src/cortexm/initialize-hardware.o
                              0x9f7ac (size before relaxing)
 .debug_str     0x000a5db9       0xf8 ./system/src/cmsis/system_stm32f4xx.o
                              0x9f8ac (size before relaxing)
 .debug_str     0x000a5eb1       0x59 ./system/src/cmsis/vectors_stm32f401xc.o
                               0x3099 (size before relaxing)
 .debug_str     0x000a5f0a      0xa0a ./src/MCAL/GPIO.o
                               0x2fee (size before relaxing)
 .debug_str     0x000a6914      0xbaa ./src/MCAL/RCC.o
                               0x3507 (size before relaxing)
 .debug_str     0x000a74be       0xfd ./src/HAL/LED.o
                               0x2f00 (size before relaxing)
 .debug_str     0x000a75bb      0x117 ./src/HAL/Switch.o
                               0x2f30 (size before relaxing)
 .debug_str     0x000a76d2       0x15 ./src/CFG/LED_Cfg.o
                               0x2dff (size before relaxing)
 .debug_str     0x000a76e7       0x18 ./src/CFG/Switch_Cfg.o
                               0x2df5 (size before relaxing)
 .debug_str     0x000a76ff       0x12 ./src/APP/main.o
                               0x2e9a (size before relaxing)

.debug_loc      0x00000000     0x17ae
 *(.debug_loc)
 .debug_loc     0x00000000       0x82 ./system/src/newlib/sbrk.o
 .debug_loc     0x00000082      0x36e ./system/src/newlib/startup.o
 .debug_loc     0x000003f0       0x63 ./system/src/newlib/syscalls.o
 .debug_loc     0x00000453      0x17c ./system/src/diag/trace-impl.o
 .debug_loc     0x000005cf      0x102 ./system/src/diag/trace.o
 .debug_loc     0x000006d1      0x2a8 ./system/src/cortexm/exception-handlers.o
 .debug_loc     0x00000979      0x132 ./system/src/cmsis/system_stm32f4xx.o
 .debug_loc     0x00000aab      0x350 ./src/MCAL/GPIO.o
 .debug_loc     0x00000dfb      0x852 ./src/MCAL/RCC.o
 .debug_loc     0x0000164d       0xb5 ./src/HAL/LED.o
 .debug_loc     0x00001702       0xac ./src/HAL/Switch.o

.debug_macinfo
 *(.debug_macinfo)

.debug_weaknames
 *(.debug_weaknames)

.debug_funcnames
 *(.debug_funcnames)

.debug_typenames
 *(.debug_typenames)

.debug_varnames
 *(.debug_varnames)
OUTPUT(STM32MAIN.elf elf32-littlearm)

.debug_ranges   0x00000000      0x2c0
 .debug_ranges  0x00000000       0x18 ./system/src/newlib/exit.o
 .debug_ranges  0x00000018       0x10 ./system/src/newlib/sbrk.o
 .debug_ranges  0x00000028       0x30 ./system/src/newlib/startup.o
 .debug_ranges  0x00000058       0x20 ./system/src/newlib/syscalls.o
 .debug_ranges  0x00000078       0x38 ./system/src/diag/trace-impl.o
 .debug_ranges  0x000000b0       0x28 ./system/src/diag/trace.o
 .debug_ranges  0x000000d8       0x98 ./system/src/cortexm/exception-handlers.o
 .debug_ranges  0x00000170       0x18 ./system/src/cortexm/initialize-hardware.o
 .debug_ranges  0x00000188       0x18 ./system/src/cmsis/system_stm32f4xx.o
 .debug_ranges  0x000001a0       0x10 ./system/src/cmsis/vectors_stm32f401xc.o
 .debug_ranges  0x000001b0       0x20 ./src/MCAL/GPIO.o
 .debug_ranges  0x000001d0       0xb0 ./src/MCAL/RCC.o
 .debug_ranges  0x00000280       0x18 ./src/HAL/LED.o
 .debug_ranges  0x00000298       0x18 ./src/HAL/Switch.o
 .debug_ranges  0x000002b0       0x10 ./src/APP/main.o

.debug_macro    0x00000000     0x375a
 .debug_macro   0x00000000      0x19c ./system/src/newlib/exit.o
 .debug_macro   0x0000019c      0x151 ./system/src/newlib/sbrk.o
 .debug_macro   0x000002ed       0x10 ./system/src/newlib/sbrk.o
 .debug_macro   0x000002fd      0x23b ./system/src/newlib/sbrk.o
 .debug_macro   0x00000538      0x15b ./system/src/newlib/startup.o
 .debug_macro   0x00000693      0x89e ./system/src/newlib/startup.o
 .debug_macro   0x00000f31      0x1ff ./system/src/newlib/syscalls.o
 .debug_macro   0x00001130       0x1c ./system/src/newlib/syscalls.o
 .debug_macro   0x0000114c       0x10 ./system/src/newlib/syscalls.o
 .debug_macro   0x0000115c       0x10 ./system/src/newlib/syscalls.o
 .debug_macro   0x0000116c       0x10 ./system/src/newlib/syscalls.o
 .debug_macro   0x0000117c       0x35 ./system/src/newlib/syscalls.o
 .debug_macro   0x000011b1      0x122 ./system/src/newlib/syscalls.o
 .debug_macro   0x000012d3       0x88 ./system/src/newlib/syscalls.o
 .debug_macro   0x0000135b       0x2b ./system/src/newlib/syscalls.o
 .debug_macro   0x00001386      0x118 ./system/src/newlib/syscalls.o
 .debug_macro   0x0000149e      0x159 ./system/src/newlib/syscalls.o
 .debug_macro   0x000015f7       0x16 ./system/src/newlib/syscalls.o
 .debug_macro   0x0000160d      0x4e2 ./system/src/diag/trace-impl.o
 .debug_macro   0x00001aef       0x10 ./system/src/diag/trace-impl.o
 .debug_macro   0x00001aff      0x307 ./system/src/diag/trace-impl.o
 .debug_macro   0x00001e06       0x22 ./system/src/diag/trace-impl.o
 .debug_macro   0x00001e28      0x1d9 ./system/src/diag/trace.o
 .debug_macro   0x00002001       0x16 ./system/src/diag/trace.o
 .debug_macro   0x00002017       0x97 ./system/src/diag/trace.o
 .debug_macro   0x000020ae       0xfd ./system/src/diag/trace.o
 .debug_macro   0x000021ab       0x10 ./system/src/diag/trace.o
 .debug_macro   0x000021bb       0x16 ./system/src/diag/trace.o
 .debug_macro   0x000021d1      0x18b ./system/src/diag/trace.o
 .debug_macro   0x0000235c       0x4c ./system/src/diag/trace.o
 .debug_macro   0x000023a8       0x16 ./system/src/diag/trace.o
 .debug_macro   0x000023be      0x528 ./system/src/cortexm/exception-handlers.o
 .debug_macro   0x000028e6       0x10 ./system/src/cortexm/exception-handlers.o
 .debug_macro   0x000028f6      0x390 ./system/src/cortexm/initialize-hardware.o
 .debug_macro   0x00002c86      0x38c ./system/src/cmsis/system_stm32f4xx.o
 .debug_macro   0x00003012       0x34 ./system/src/cmsis/vectors_stm32f401xc.o
 .debug_macro   0x00003046       0x78 ./src/MCAL/GPIO.o
 .debug_macro   0x000030be       0x28 ./src/MCAL/GPIO.o
 .debug_macro   0x000030e6       0xca ./src/MCAL/GPIO.o
 .debug_macro   0x000031b0      0x10c ./src/MCAL/GPIO.o
 .debug_macro   0x000032bc       0xf6 ./src/MCAL/RCC.o
 .debug_macro   0x000033b2      0x17e ./src/MCAL/RCC.o
 .debug_macro   0x00003530       0x5e ./src/HAL/LED.o
 .debug_macro   0x0000358e       0x1c ./src/HAL/LED.o
 .debug_macro   0x000035aa       0x64 ./src/HAL/Switch.o
 .debug_macro   0x0000360e       0x10 ./src/HAL/Switch.o
 .debug_macro   0x0000361e       0x5e ./src/CFG/LED_Cfg.o
 .debug_macro   0x0000367c       0x5e ./src/CFG/Switch_Cfg.o
 .debug_macro   0x000036da       0x80 ./src/APP/main.o
