Archive member included to satisfy reference by file (symbol)

e:/iti/arm/arm_stm32f401/tools/arm gcc/bin/../lib/gcc/arm-none-eabi/5.4.1/../../../../arm-none-eabi/lib/armv7e-m\libg_nano.a(lib_a-errno.o)
                              ./system/src/newlib/sbrk.o (__errno)
e:/iti/arm/arm_stm32f401/tools/arm gcc/bin/../lib/gcc/arm-none-eabi/5.4.1/../../../../arm-none-eabi/lib/armv7e-m\libg_nano.a(lib_a-impure.o)
                              e:/iti/arm/arm_stm32f401/tools/arm gcc/bin/../lib/gcc/arm-none-eabi/5.4.1/../../../../arm-none-eabi/lib/armv7e-m\libg_nano.a(lib_a-errno.o) (_impure_ptr)
e:/iti/arm/arm_stm32f401/tools/arm gcc/bin/../lib/gcc/arm-none-eabi/5.4.1/../../../../arm-none-eabi/lib/armv7e-m\libg_nano.a(lib_a-strlen.o)
                              ./system/src/diag/trace.o (strlen)
e:/iti/arm/arm_stm32f401/tools/arm gcc/bin/../lib/gcc/arm-none-eabi/5.4.1/../../../../arm-none-eabi/lib/armv7e-m\libg_nano.a(lib_a-vsnprintf.o)
                              ./system/src/diag/trace.o (vsnprintf)
e:/iti/arm/arm_stm32f401/tools/arm gcc/bin/../lib/gcc/arm-none-eabi/5.4.1/../../../../arm-none-eabi/lib/armv7e-m\libg_nano.a(lib_a-nano-svfprintf.o)
                              e:/iti/arm/arm_stm32f401/tools/arm gcc/bin/../lib/gcc/arm-none-eabi/5.4.1/../../../../arm-none-eabi/lib/armv7e-m\libg_nano.a(lib_a-vsnprintf.o) (_svfprintf_r)
e:/iti/arm/arm_stm32f401/tools/arm gcc/bin/../lib/gcc/arm-none-eabi/5.4.1/../../../../arm-none-eabi/lib/armv7e-m\libg_nano.a(lib_a-nano-vfprintf_i.o)
                              e:/iti/arm/arm_stm32f401/tools/arm gcc/bin/../lib/gcc/arm-none-eabi/5.4.1/../../../../arm-none-eabi/lib/armv7e-m\libg_nano.a(lib_a-nano-svfprintf.o) (_printf_i)
e:/iti/arm/arm_stm32f401/tools/arm gcc/bin/../lib/gcc/arm-none-eabi/5.4.1/../../../../arm-none-eabi/lib/armv7e-m\libg_nano.a(lib_a-memchr.o)
                              e:/iti/arm/arm_stm32f401/tools/arm gcc/bin/../lib/gcc/arm-none-eabi/5.4.1/../../../../arm-none-eabi/lib/armv7e-m\libg_nano.a(lib_a-nano-svfprintf.o) (memchr)
e:/iti/arm/arm_stm32f401/tools/arm gcc/bin/../lib/gcc/arm-none-eabi/5.4.1/../../../../arm-none-eabi/lib/armv7e-m\libg_nano.a(lib_a-memcpy-stub.o)
                              e:/iti/arm/arm_stm32f401/tools/arm gcc/bin/../lib/gcc/arm-none-eabi/5.4.1/../../../../arm-none-eabi/lib/armv7e-m\libg_nano.a(lib_a-nano-svfprintf.o) (memcpy)
e:/iti/arm/arm_stm32f401/tools/arm gcc/bin/../lib/gcc/arm-none-eabi/5.4.1/../../../../arm-none-eabi/lib/armv7e-m\libg_nano.a(lib_a-memmove.o)
                              e:/iti/arm/arm_stm32f401/tools/arm gcc/bin/../lib/gcc/arm-none-eabi/5.4.1/../../../../arm-none-eabi/lib/armv7e-m\libg_nano.a(lib_a-nano-svfprintf.o) (memmove)
e:/iti/arm/arm_stm32f401/tools/arm gcc/bin/../lib/gcc/arm-none-eabi/5.4.1/../../../../arm-none-eabi/lib/armv7e-m\libg_nano.a(lib_a-nano-freer.o)
                              e:/iti/arm/arm_stm32f401/tools/arm gcc/bin/../lib/gcc/arm-none-eabi/5.4.1/../../../../arm-none-eabi/lib/armv7e-m\libg_nano.a(lib_a-nano-svfprintf.o) (_free_r)
e:/iti/arm/arm_stm32f401/tools/arm gcc/bin/../lib/gcc/arm-none-eabi/5.4.1/../../../../arm-none-eabi/lib/armv7e-m\libg_nano.a(lib_a-nano-mallocr.o)
                              e:/iti/arm/arm_stm32f401/tools/arm gcc/bin/../lib/gcc/arm-none-eabi/5.4.1/../../../../arm-none-eabi/lib/armv7e-m\libg_nano.a(lib_a-nano-svfprintf.o) (_malloc_r)
e:/iti/arm/arm_stm32f401/tools/arm gcc/bin/../lib/gcc/arm-none-eabi/5.4.1/../../../../arm-none-eabi/lib/armv7e-m\libg_nano.a(lib_a-nano-reallocr.o)
                              e:/iti/arm/arm_stm32f401/tools/arm gcc/bin/../lib/gcc/arm-none-eabi/5.4.1/../../../../arm-none-eabi/lib/armv7e-m\libg_nano.a(lib_a-nano-svfprintf.o) (_realloc_r)
e:/iti/arm/arm_stm32f401/tools/arm gcc/bin/../lib/gcc/arm-none-eabi/5.4.1/../../../../arm-none-eabi/lib/armv7e-m\libg_nano.a(lib_a-sbrkr.o)
                              e:/iti/arm/arm_stm32f401/tools/arm gcc/bin/../lib/gcc/arm-none-eabi/5.4.1/../../../../arm-none-eabi/lib/armv7e-m\libg_nano.a(lib_a-nano-mallocr.o) (_sbrk_r)
e:/iti/arm/arm_stm32f401/tools/arm gcc/bin/../lib/gcc/arm-none-eabi/5.4.1/../../../../arm-none-eabi/lib/armv7e-m\libg_nano.a(lib_a-mlock.o)
                              e:/iti/arm/arm_stm32f401/tools/arm gcc/bin/../lib/gcc/arm-none-eabi/5.4.1/../../../../arm-none-eabi/lib/armv7e-m\libg_nano.a(lib_a-nano-freer.o) (__malloc_lock)
e:/iti/arm/arm_stm32f401/tools/arm gcc/bin/../lib/gcc/arm-none-eabi/5.4.1/../../../../arm-none-eabi/lib/armv7e-m\libg_nano.a(lib_a-nano-msizer.o)
                              e:/iti/arm/arm_stm32f401/tools/arm gcc/bin/../lib/gcc/arm-none-eabi/5.4.1/../../../../arm-none-eabi/lib/armv7e-m\libg_nano.a(lib_a-nano-reallocr.o) (_malloc_usable_size_r)

Allocating common symbols
Common symbol       size              file

errno               0x4               ./system/src/newlib/syscalls.o

Discarded input sections

 .group         0x00000000        0x8 ./system/src/newlib/assert.o
[...]
Memory Configuration

Name             Origin             Length             Attributes
RAM              0x20000000         0x00010000         xrw
CCMRAM           0x10000000         0x00000000         xrw
FLASH            0x08000000         0x00100000         xr
FLASHB1          0x00000000         0x00000000         xr
EXTMEMB0         0x00000000         0x00000000         xr
EXTMEMB1         0x00000000         0x00000000         xr
EXTMEMB2         0x00000000         0x00000000         xr
EXTMEMB3         0x00000000         0x00000000         xr
*default*        0x00000000         0xffffffff

Linker script and memory map

LOAD ./system/src/newlib/assert.o
LOAD ./system/src/newlib/cxx.o
LOAD ./system/src/newlib/exit.o
LOAD ./system/src/newlib/sbrk.o
LOAD ./system/src/newlib/startup.o
LOAD ./system/src/newlib/syscalls.o
LOAD ./system/src/diag/trace-impl.o
LOAD ./system/src/diag/trace.o
LOAD ./system/src/cortexm/exception-handlers.o
LOAD ./system/src/cortexm/initialize-hardware.o
LOAD ./system/src/cortexm/reset-hardware.o
LOAD ./system/src/cmsis/system_stm32f4xx.o
LOAD ./system/src/cmsis/vectors_stm32f401xc.o
LOAD ./src/MCAL/GPIO.o
LOAD ./src/MCAL/NVIC.o
LOAD ./src/MCAL/RCC.o
LOAD ./src/HAL/CLK_Control.o
LOAD ./src/HAL/LED.o
LOAD ./src/HAL/Switch.o
LOAD ./src/CFG/LED_Cfg.o
LOAD ./src/CFG/Switch_Cfg.o
LOAD ./src/APP/main.o
LOAD e:/iti/arm/arm_stm32f401/tools/arm gcc/bin/../lib/gcc/arm-none-eabi/5.4.1/../../../../arm-none-eabi/lib/armv7e-m\libstdc++_nano.a
LOAD e:/iti/arm/arm_stm32f401/tools/arm gcc/bin/../lib/gcc/arm-none-eabi/5.4.1/../../../../arm-none-eabi/lib/armv7e-m\libm.a
START GROUP
LOAD e:/iti/arm/arm_stm32f401/tools/arm gcc/bin/../lib/gcc/arm-none-eabi/5.4.1/armv7e-m\libgcc.a
LOAD e:/iti/arm/arm_stm32f401/tools/arm gcc/bin/../lib/gcc/arm-none-eabi/5.4.1/../../../../arm-none-eabi/lib/armv7e-m\libg_nano.a
LOAD e:/iti/arm/arm_stm32f401/tools/arm gcc/bin/../lib/gcc/arm-none-eabi/5.4.1/../../../../arm-none-eabi/lib/armv7e-m\libc_nano.a
END GROUP
START GROUP
LOAD e:/iti/arm/arm_stm32f401/tools/arm gcc/bin/../lib/gcc/arm-none-eabi/5.4.1/armv7e-m\libgcc.a
LOAD e:/iti/arm/arm_stm32f401/tools/arm gcc/bin/../lib/gcc/arm-none-eabi/5.4.1/../../../../arm-none-eabi/lib/armv7e-m\libc_nano.a
END GROUP
                0x20010000                __stack = (ORIGIN (RAM) + LENGTH (RAM))
                0x20010000                _estack = __stack
                0x00000400                __Main_Stack_Size = 0x400
                [!provide]                PROVIDE (_Main_Stack_Size, __Main_Stack_Size)
                0x2000fc00                __Main_Stack_Limit = (__stack - __Main_Stack_Size)
                [!provide]                PROVIDE (_Main_Stack_Limit, __Main_Stack_Limit)
                0x00000100                _Minimum_Stack_Size = 0x100
                0x20000114                PROVIDE (_Heap_Begin, _end_noinit)
                0x2000fc00                PROVIDE (_Heap_Limit, (__stack - __Main_Stack_Size))

.isr_vector     0x08000000      0x3f8
 FILL mask 0xff
                0x08000000                __vectors_start = ABSOLUTE (.)
                0x08000000                __vectors_start__ = ABSOLUTE (.)
 *(.isr_vector)
 .isr_vector    0x08000000      0x194 ./system/src/cmsis/vectors_stm32f401xc.o
                0x08000000                __isr_vectors
 *(.cfmconfig)
 *(.after_vectors .after_vectors.*)
 .after_vectors
                0x08000194      0x130 ./system/src/newlib/startup.o
                0x08000194                _start
 .after_vectors
                0x080002c4      0x130 ./system/src/cortexm/exception-handlers.o
                0x080002c4                Reset_Handler
                0x080002cc                NMI_Handler
                0x080002d0                HardFault_Handler
                0x080002e4                HardFault_Handler_C
                0x08000344                MemManage_Handler
                0x08000348                BusFault_Handler
                0x0800035c                BusFault_Handler_C
                0x08000390                UsageFault_Handler
                0x080003a4                UsageFault_Handler_C
                0x080003d8                SVC_Handler
                0x080003dc                DebugMon_Handler
                0x080003e0                PendSV_Handler
                0x080003e4                SysTick_Handler
 .after_vectors
                0x080003f4        0x4 ./system/src/cmsis/vectors_stm32f401xc.o
                0x080003f4                RTC_Alarm_IRQHandler
                0x080003f4                EXTI2_IRQHandler
                0x080003f4                SPI4_IRQHandler
                0x080003f4                TIM1_CC_IRQHandler
                0x080003f4                DMA2_Stream5_IRQHandler
                0x080003f4                DMA1_Stream5_IRQHandler
                0x080003f4                PVD_IRQHandler
                0x080003f4                SDIO_IRQHandler
                0x080003f4                TAMP_STAMP_IRQHandler
                0x080003f4                EXTI3_IRQHandler
                0x080003f4                TIM1_UP_TIM10_IRQHandler
                0x080003f4                I2C3_ER_IRQHandler
                0x080003f4                I2C2_EV_IRQHandler
                0x080003f4                DMA1_Stream2_IRQHandler
                0x080003f4                FPU_IRQHandler
                0x080003f4                DMA2_Stream2_IRQHandler
                0x080003f4                SPI1_IRQHandler
                0x080003f4                TIM1_BRK_TIM9_IRQHandler
                0x080003f4                DMA2_Stream3_IRQHandler
                0x080003f4                USART6_IRQHandler
                0x080003f4                DMA2_Stream0_IRQHandler
                0x080003f4                TIM4_IRQHandler
                0x080003f4                I2C1_EV_IRQHandler
                0x080003f4                DMA1_Stream6_IRQHandler
                0x080003f4                DMA1_Stream1_IRQHandler
                0x080003f4                TIM3_IRQHandler
                0x080003f4                RCC_IRQHandler
                0x080003f4                Default_Handler
                0x080003f4                EXTI15_10_IRQHandler
                0x080003f4                ADC_IRQHandler
                0x080003f4                DMA1_Stream7_IRQHandler
                0x080003f4                TIM5_IRQHandler
                0x080003f4                DMA2_Stream7_IRQHandler
                0x080003f4                I2C3_EV_IRQHandler
                0x080003f4                EXTI9_5_IRQHandler
                0x080003f4                RTC_WKUP_IRQHandler
                0x080003f4                SPI2_IRQHandler
                0x080003f4                DMA1_Stream0_IRQHandler
                0x080003f4                EXTI4_IRQHandler
                0x080003f4                WWDG_IRQHandler
                0x080003f4                TIM2_IRQHandler
                0x080003f4                OTG_FS_WKUP_IRQHandler
                0x080003f4                TIM1_TRG_COM_TIM11_IRQHandler
                0x080003f4                USART2_IRQHandler
                0x080003f4                I2C2_ER_IRQHandler
                0x080003f4                DMA2_Stream1_IRQHandler
                0x080003f4                FLASH_IRQHandler
                0x080003f4                DMA2_Stream4_IRQHandler
                0x080003f4                USART1_IRQHandler
                0x080003f4                OTG_FS_IRQHandler
                0x080003f4                SPI3_IRQHandler
                0x080003f4                DMA1_Stream4_IRQHandler
                0x080003f4                I2C1_ER_IRQHandler
                0x080003f4                DMA2_Stream6_IRQHandler
                0x080003f4                DMA1_Stream3_IRQHandler

.inits          0x080003f8       0x28
                0x080003f8                __data_regions_array_start = .
                0x080003f8        0x4 LONG 0x8001504 LOADADDR (.data)
                0x080003fc        0x4 LONG 0x20000000 ADDR (.data)
                0x08000400        0x4 LONG 0x20000078 (ADDR (.data) + SIZEOF (.data))
                0x08000404        0x4 LONG 0x8001504 LOADADDR (.data_CCMRAM)
                0x08000408        0x4 LONG 0x10000000 ADDR (.data_CCMRAM)
                0x0800040c        0x4 LONG 0x10000000 (ADDR (.data_CCMRAM) + SIZEOF (.data_CCMRAM))
                0x08000410                __data_regions_array_end = .
                0x08000410                __bss_regions_array_start = .
                0x08000410        0x4 LONG 0x20000078 ADDR (.bss)
                0x08000414        0x4 LONG 0x20000114 (ADDR (.bss) + SIZEOF (.bss))
                0x08000418        0x4 LONG 0x10000000 ADDR (.bss_CCMRAM)
                0x0800041c        0x4 LONG 0x10000000 (ADDR (.bss_CCMRAM) + SIZEOF (.bss_CCMRAM))
                0x08000420                __bss_regions_array_end = .
 *(.init)
 *(.fini)
                0x08000420                . = ALIGN (0x4)
                0x08000420                PROVIDE (__preinit_array_start, .)
 *(.preinit_array_sysinit .preinit_array_sysinit.*)
 *(.preinit_array_platform .preinit_array_platform.*)
 *(.preinit_array .preinit_array.*)
                0x08000420                PROVIDE (__preinit_array_end, .)
                0x08000420                . = ALIGN (0x4)
                0x08000420                PROVIDE (__init_array_start, .)
 *(SORT(.init_array.*))
 *(.init_array)
                0x08000420                PROVIDE (__init_array_end, .)
                0x08000420                . = ALIGN (0x4)
                0x08000420                PROVIDE (__fini_array_start, .)
 *(SORT(.fini_array.*))
 *(.fini_array)
                0x08000420                PROVIDE (__fini_array_end, .)

.flashtext
 *(.flashtext .flashtext.*)

.text           0x08000420     0x10e3
 *(.text .text.*)
 .text._exit    0x08000420        0x4 ./system/src/newlib/exit.o
                0x08000420                _exit
 .text._sbrk    0x08000424       0x44 ./system/src/newlib/sbrk.o
                0x08000424                _sbrk
 .text.__initialize_args
                0x08000468       0x10 ./system/src/newlib/syscalls.o
                0x08000468                __initialize_args
 .text._trace_write_semihosting_debug
                0x08000478       0x64 ./system/src/diag/trace-impl.o
 .text.trace_write
                0x080004dc        0x8 ./system/src/diag/trace-impl.o
                0x080004dc                trace_write
 .text.trace_printf
                0x080004e4       0x30 ./system/src/diag/trace.o
                0x080004e4                trace_printf
 .text.dumpExceptionStack
                0x08000514       0xf0 ./system/src/cortexm/exception-handlers.o
                0x08000514                dumpExceptionStack
 .text.isSemihosting
                0x08000604       0x20 ./system/src/cortexm/exception-handlers.o
                0x08000604                isSemihosting
 .text.__initialize_hardware_early
                0x08000624       0x18 ./system/src/cortexm/initialize-hardware.o
                0x08000624                __initialize_hardware_early
 .text.__initialize_hardware
                0x0800063c        0x8 ./system/src/cortexm/initialize-hardware.o
                0x0800063c                __initialize_hardware
 .text.SystemInit
                0x08000644       0x10 ./system/src/cmsis/system_stm32f4xx.o
                0x08000644                SystemInit
 .text.SystemCoreClockUpdate
                0x08000654       0xa0 ./system/src/cmsis/system_stm32f4xx.o
                0x08000654                SystemCoreClockUpdate
 .text.GPIO_InitPin
                0x080006f4       0xe0 ./src/MCAL/GPIO.o
                0x080006f4                GPIO_InitPin
 .text.GPIO_Set_PinValue
                0x080007d4       0x60 ./src/MCAL/GPIO.o
                0x080007d4                GPIO_Set_PinValue
 .text.Enable_NVIC_IRQ
                0x08000834       0x24 ./src/MCAL/NVIC.o
                0x08000834                Enable_NVIC_IRQ
 .text.Set_NVIC_Pending_IRQ
                0x08000858       0x24 ./src/MCAL/NVIC.o
                0x08000858                Set_NVIC_Pending_IRQ
 .text.Set_Interrupt_Priority
                0x0800087c       0x84 ./src/MCAL/NVIC.o
                0x0800087c                Set_Interrupt_Priority
 .text.SET_Software_Interrupt
                0x08000900       0x1c ./src/MCAL/NVIC.o
                0x08000900                SET_Software_Interrupt
 .text.RCC_Enable_AHB1_Peripheral
                0x0800091c       0x1c ./src/MCAL/RCC.o
                0x0800091c                RCC_Enable_AHB1_Peripheral
 .text.Set_PORT_Clock_ON
                0x08000938       0x14 ./src/HAL/CLK_Control.o
                0x08000938                Set_PORT_Clock_ON
 .text.LED_Init
                0x0800094c       0x44 ./src/HAL/LED.o
                0x0800094c                LED_Init
 .text.LED_Set_Status
                0x08000990       0x20 ./src/HAL/LED.o
                0x08000990                LED_Set_Status
 .text.delay_ms
                0x080009b0       0x20 ./src/APP/main.o
                0x080009b0                delay_ms
 .text.EXTI0_IRQHandler
                0x080009d0       0x1c ./src/APP/main.o
                0x080009d0                EXTI0_IRQHandler
 .text.EXTI1_IRQHandler
                0x080009ec       0x10 ./src/APP/main.o
                0x080009ec                EXTI1_IRQHandler
 .text.main     0x080009fc       0x4c ./src/APP/main.o
                0x080009fc                main
 .text.__errno  0x08000a48        0xc e:/iti/arm/arm_stm32f401/tools/arm gcc/bin/../lib/gcc/arm-none-eabi/5.4.1/../../../../arm-none-eabi/lib/armv7e-m\libg_nano.a(lib_a-errno.o)
                0x08000a48                __errno
 .text._vsnprintf_r
                0x08000a54       0x56 e:/iti/arm/arm_stm32f401/tools/arm gcc/bin/../lib/gcc/arm-none-eabi/5.4.1/../../../../arm-none-eabi/lib/armv7e-m\libg_nano.a(lib_a-vsnprintf.o)
                0x08000a54                _vsniprintf_r
                0x08000a54                _vsnprintf_r
 *fill*         0x08000aaa        0x2 
 .text.vsnprintf
                0x08000aac       0x1c e:/iti/arm/arm_stm32f401/tools/arm gcc/bin/../lib/gcc/arm-none-eabi/5.4.1/../../../../arm-none-eabi/lib/armv7e-m\libg_nano.a(lib_a-vsnprintf.o)
                0x08000aac                vsniprintf
                0x08000aac                vsnprintf
 .text.__ssputs_r
                0x08000ac8       0xb2 e:/iti/arm/arm_stm32f401/tools/arm gcc/bin/../lib/gcc/arm-none-eabi/5.4.1/../../../../arm-none-eabi/lib/armv7e-m\libg_nano.a(lib_a-nano-svfprintf.o)
                0x08000ac8                __ssputs_r
 *fill*         0x08000b7a        0x2 
 .text._svfprintf_r
                0x08000b7c      0x1e8 e:/iti/arm/arm_stm32f401/tools/arm gcc/bin/../lib/gcc/arm-none-eabi/5.4.1/../../../../arm-none-eabi/lib/armv7e-m\libg_nano.a(lib_a-nano-svfprintf.o)
                0x08000b7c                _svfiprintf_r
                0x08000b7c                _svfprintf_r
 .text._printf_common
                0x08000d64       0xec e:/iti/arm/arm_stm32f401/tools/arm gcc/bin/../lib/gcc/arm-none-eabi/5.4.1/../../../../arm-none-eabi/lib/armv7e-m\libg_nano.a(lib_a-nano-vfprintf_i.o)
                0x08000d64                _printf_common
 .text._printf_i
                0x08000e50      0x24c e:/iti/arm/arm_stm32f401/tools/arm gcc/bin/../lib/gcc/arm-none-eabi/5.4.1/../../../../arm-none-eabi/lib/armv7e-m\libg_nano.a(lib_a-nano-vfprintf_i.o)
                0x08000e50                _printf_i
 *fill*         0x0800109c        0x4 
 .text          0x080010a0       0xa0 e:/iti/arm/arm_stm32f401/tools/arm gcc/bin/../lib/gcc/arm-none-eabi/5.4.1/../../../../arm-none-eabi/lib/armv7e-m\libg_nano.a(lib_a-memchr.o)
                0x080010a0                memchr
 .text.memcpy   0x08001140       0x16 e:/iti/arm/arm_stm32f401/tools/arm gcc/bin/../lib/gcc/arm-none-eabi/5.4.1/../../../../arm-none-eabi/lib/armv7e-m\libg_nano.a(lib_a-memcpy-stub.o)
                0x08001140                memcpy
 .text.memmove  0x08001156       0x36 e:/iti/arm/arm_stm32f401/tools/arm gcc/bin/../lib/gcc/arm-none-eabi/5.4.1/../../../../arm-none-eabi/lib/armv7e-m\libg_nano.a(lib_a-memmove.o)
                0x08001156                memmove
 .text._free_r  0x0800118c       0x9c e:/iti/arm/arm_stm32f401/tools/arm gcc/bin/../lib/gcc/arm-none-eabi/5.4.1/../../../../arm-none-eabi/lib/armv7e-m\libg_nano.a(lib_a-nano-freer.o)
                0x0800118c                _free_r
 .text._malloc_r
                0x08001228       0xbc e:/iti/arm/arm_stm32f401/tools/arm gcc/bin/../lib/gcc/arm-none-eabi/5.4.1/../../../../arm-none-eabi/lib/armv7e-m\libg_nano.a(lib_a-nano-mallocr.o)
                0x08001228                _malloc_r
 .text._realloc_r
                0x080012e4       0x4c e:/iti/arm/arm_stm32f401/tools/arm gcc/bin/../lib/gcc/arm-none-eabi/5.4.1/../../../../arm-none-eabi/lib/armv7e-m\libg_nano.a(lib_a-nano-reallocr.o)
                0x080012e4                _realloc_r
 .text._sbrk_r  0x08001330       0x20 e:/iti/arm/arm_stm32f401/tools/arm gcc/bin/../lib/gcc/arm-none-eabi/5.4.1/../../../../arm-none-eabi/lib/armv7e-m\libg_nano.a(lib_a-sbrkr.o)
                0x08001330                _sbrk_r
 .text.__malloc_lock
                0x08001350        0x2 e:/iti/arm/arm_stm32f401/tools/arm gcc/bin/../lib/gcc/arm-none-eabi/5.4.1/../../../../arm-none-eabi/lib/armv7e-m\libg_nano.a(lib_a-mlock.o)
                0x08001350                __malloc_lock
 .text.__malloc_unlock
                0x08001352        0x2 e:/iti/arm/arm_stm32f401/tools/arm gcc/bin/../lib/gcc/arm-none-eabi/5.4.1/../../../../arm-none-eabi/lib/armv7e-m\libg_nano.a(lib_a-mlock.o)
                0x08001352                __malloc_unlock
 .text._malloc_usable_size_r
                0x08001354       0x14 e:/iti/arm/arm_stm32f401/tools/arm gcc/bin/../lib/gcc/arm-none-eabi/5.4.1/../../../../arm-none-eabi/lib/armv7e-m\libg_nano.a(lib_a-nano-msizer.o)
                0x08001354                _malloc_usable_size_r
 *(.rodata .rodata.* .constdata .constdata.*)
 .rodata.str1.4
                0x08001368      0x148 ./system/src/cortexm/exception-handlers.o
                                0x146 (size before relaxing)
 .rodata.AHBPrescTable
                0x080014b0       0x10 ./system/src/cmsis/system_stm32f4xx.o
                0x080014b0                AHBPrescTable
 .rodata.LEDS   0x080014c0       0x10 ./src/CFG/LED_Cfg.o
                0x080014c0                LEDS
 .rodata.str1.1
                0x080014d0       0x11 e:/iti/arm/arm_stm32f401/tools/arm gcc/bin/../lib/gcc/arm-none-eabi/5.4.1/../../../../arm-none-eabi/lib/armv7e-m\libg_nano.a(lib_a-nano-svfprintf.o)
 .rodata.str1.1
                0x080014e1       0x22 e:/iti/arm/arm_stm32f401/tools/arm gcc/bin/../lib/gcc/arm-none-eabi/5.4.1/../../../../arm-none-eabi/lib/armv7e-m\libg_nano.a(lib_a-nano-vfprintf_i.o)
 *(vtable)
 *(.eh_frame*)
 *(.glue_7)
 .glue_7        0x08001503        0x0 linker stubs
 *(.glue_7t)
 .glue_7t       0x08001503        0x0 linker stubs

.vfp11_veneer   0x08001504        0x0
 .vfp11_veneer  0x08001504        0x0 linker stubs

.v4_bx          0x08001504        0x0
 .v4_bx         0x08001504        0x0 linker stubs

.iplt           0x08001504        0x0
 .iplt          0x08001504        0x0 ./system/src/newlib/assert.o

.rel.dyn        0x08001504        0x0
 .rel.iplt      0x08001504        0x0 ./system/src/newlib/assert.o

.ARM.extab
 *(.ARM.extab* .gnu.linkonce.armextab.*)
                0x08001504                . = ALIGN (0x4)
                0x08001504                __exidx_start = .

.ARM.exidx
 *(.ARM.exidx* .gnu.linkonce.armexidx.*)
                0x08001504                __exidx_end = .
                0x08001504                . = ALIGN (0x4)
                0x08001504                _etext = .
                0x08001504                __etext = .

.data_CCMRAM    0x10000000        0x0 load address 0x08001504
 FILL mask 0xff
 *(.data.CCMRAM .data.CCMRAM.*)
                0x10000000                . = ALIGN (0x4)
                0x08001504                _sidata = LOADADDR (.data)

.data           0x20000000       0x78 load address 0x08001504
 FILL mask 0xff
                0x20000000                _sdata = .
                0x20000000                __data_start__ = .
 *(.data_begin .data_begin.*)
 .data_begin    0x20000000        0x4 ./system/src/newlib/startup.o
 *(.data .data.*)
 .data.argv.4290
                0x20000004        0x8 ./system/src/newlib/syscalls.o
 .data.SystemCoreClock
                0x2000000c        0x4 ./system/src/cmsis/system_stm32f4xx.o
                0x2000000c                SystemCoreClock
 .data.impure_data
                0x20000010       0x60 e:/iti/arm/arm_stm32f401/tools/arm gcc/bin/../lib/gcc/arm-none-eabi/5.4.1/../../../../arm-none-eabi/lib/armv7e-m\libg_nano.a(lib_a-impure.o)
 .data._impure_ptr
                0x20000070        0x4 e:/iti/arm/arm_stm32f401/tools/arm gcc/bin/../lib/gcc/arm-none-eabi/5.4.1/../../../../arm-none-eabi/lib/armv7e-m\libg_nano.a(lib_a-impure.o)
                0x20000070                _impure_ptr
 *(.data_end .data_end.*)
 .data_end      0x20000074        0x4 ./system/src/newlib/startup.o
                0x20000078                . = ALIGN (0x4)
                0x20000078                _edata = .
                0x20000078                __data_end__ = .

.igot.plt       0x20000078        0x0 load address 0x0800157c
 .igot.plt      0x20000078        0x0 ./system/src/newlib/assert.o

.bss_CCMRAM     0x10000000        0x0
 *(.bss.CCMRAM .bss.CCMRAM.*)

.bss            0x20000078       0x9c
                0x20000078                __bss_start__ = .
                0x20000078                _sbss = .
 *(.bss_begin .bss_begin.*)
 .bss_begin     0x20000078        0x4 ./system/src/newlib/startup.o
 *(.bss .bss.*)
 .bss.current_heap_end.3974
                0x2000007c        0x4 ./system/src/newlib/sbrk.o
 .bss.name.4289
                0x20000080        0x1 ./system/src/newlib/syscalls.o
 *fill*         0x20000081        0x3 
 .bss.buf.5179  0x20000084       0x80 ./system/src/diag/trace.o
 .bss.__malloc_sbrk_start
                0x20000104        0x4 e:/iti/arm/arm_stm32f401/tools/arm gcc/bin/../lib/gcc/arm-none-eabi/5.4.1/../../../../arm-none-eabi/lib/armv7e-m\libg_nano.a(lib_a-nano-mallocr.o)
                0x20000104                __malloc_sbrk_start
 .bss.__malloc_free_list
                0x20000108        0x4 e:/iti/arm/arm_stm32f401/tools/arm gcc/bin/../lib/gcc/arm-none-eabi/5.4.1/../../../../arm-none-eabi/lib/armv7e-m\libg_nano.a(lib_a-nano-mallocr.o)
                0x20000108                __malloc_free_list
 *(COMMON)
 COMMON         0x2000010c        0x4 ./system/src/newlib/syscalls.o
                0x2000010c                errno
 *(.bss_end .bss_end.*)
 .bss_end       0x20000110        0x4 ./system/src/newlib/startup.o
                0x20000114                . = ALIGN (0x4)
                0x20000114                __bss_end__ = .
                0x20000114                _ebss = .

.noinit_CCMRAM
 *(.noinit.CCMRAM .noinit.CCMRAM.*)

.noinit         0x20000114        0x0
                0x20000114                _noinit = .
 *(.noinit .noinit.*)
                0x20000114                . = ALIGN (0x4)
                0x20000114                _end_noinit = .
                [!provide]                PROVIDE (end, _end_noinit)
                [!provide]                PROVIDE (_end, _end_noinit)
                [!provide]                PROVIDE (__end, _end_noinit)
                [!provide]                PROVIDE (__end__, _end_noinit)

._check_stack   0x20000114      0x100
                0x20000214                . = (. + _Minimum_Stack_Size)
 *fill*         0x20000114      0x100 

.b1text
 *(.b1text)
 *(.b1rodata)
 *(.b1rodata.*)

.eb0text
 *(.eb0text)
 *(.eb0rodata)
 *(.eb0rodata.*)

.eb1text
 *(.eb1text)
 *(.eb1rodata)
 *(.eb1rodata.*)

.eb2text
 *(.eb2text)
 *(.eb2rodata)
 *(.eb2rodata.*)

.eb3text
 *(.eb3text)
 *(.eb3rodata)
 *(.eb3rodata.*)

.stab
 *(.stab)

.stabstr
 *(.stabstr)

.stab.excl
 *(.stab.excl)

.stab.exclstr
 *(.stab.exclstr)

.stab.index
 *(.stab.index)

.stab.indexstr
 *(.stab.indexstr)

.comment        0x00000000       0x6e
 *(.comment)
 .comment       0x00000000       0x6e ./system/src/newlib/exit.o
                                 0x6f (size before relaxing)
 .comment       0x0000006e       0x6f ./system/src/newlib/sbrk.o
 .comment       0x0000006e       0x6f ./system/src/newlib/startup.o
 .comment       0x0000006e       0x6f ./system/src/newlib/syscalls.o
 .comment       0x0000006e       0x6f ./system/src/diag/trace-impl.o
 .comment       0x0000006e       0x6f ./system/src/diag/trace.o
 .comment       0x0000006e       0x6f ./system/src/cortexm/exception-handlers.o
 .comment       0x0000006e       0x6f ./system/src/cortexm/initialize-hardware.o
 .comment       0x0000006e       0x6f ./system/src/cmsis/system_stm32f4xx.o
 .comment       0x0000006e       0x6f ./system/src/cmsis/vectors_stm32f401xc.o
 .comment       0x0000006e       0x6f ./src/MCAL/GPIO.o
 .comment       0x0000006e       0x6f ./src/MCAL/NVIC.o
 .comment       0x0000006e       0x6f ./src/MCAL/RCC.o
 .comment       0x0000006e       0x6f ./src/HAL/CLK_Control.o
 .comment       0x0000006e       0x6f ./src/HAL/LED.o
 .comment       0x0000006e       0x6f ./src/CFG/LED_Cfg.o
 .comment       0x0000006e       0x6f ./src/APP/main.o

.ARM.attributes
                0x00000000       0x31
 .ARM.attributes
                0x00000000       0x33 ./system/src/newlib/exit.o
 .ARM.attributes
                0x00000033       0x33 ./system/src/newlib/sbrk.o
 .ARM.attributes
                0x00000066       0x33 ./system/src/newlib/startup.o
 .ARM.attributes
                0x00000099       0x33 ./system/src/newlib/syscalls.o
 .ARM.attributes
                0x000000cc       0x33 ./system/src/diag/trace-impl.o
 .ARM.attributes
                0x000000ff       0x33 ./system/src/diag/trace.o
 .ARM.attributes
                0x00000132       0x33 ./system/src/cortexm/exception-handlers.o
 .ARM.attributes
                0x00000165       0x33 ./system/src/cortexm/initialize-hardware.o
 .ARM.attributes
                0x00000198       0x33 ./system/src/cmsis/system_stm32f4xx.o
 .ARM.attributes
                0x000001cb       0x33 ./system/src/cmsis/vectors_stm32f401xc.o
 .ARM.attributes
                0x000001fe       0x33 ./src/MCAL/GPIO.o
 .ARM.attributes
                0x00000231       0x33 ./src/MCAL/NVIC.o
 .ARM.attributes
                0x00000264       0x33 ./src/MCAL/RCC.o
 .ARM.attributes
                0x00000297       0x33 ./src/HAL/CLK_Control.o
 .ARM.attributes
                0x000002ca       0x33 ./src/HAL/LED.o
 .ARM.attributes
                0x000002fd       0x33 ./src/CFG/LED_Cfg.o
 .ARM.attributes
                0x00000330       0x33 ./src/APP/main.o
 .ARM.attributes
                0x00000363       0x2e e:/iti/arm/arm_stm32f401/tools/arm gcc/bin/../lib/gcc/arm-none-eabi/5.4.1/../../../../arm-none-eabi/lib/armv7e-m\libg_nano.a(lib_a-errno.o)
 .ARM.attributes
                0x00000391       0x2e e:/iti/arm/arm_stm32f401/tools/arm gcc/bin/../lib/gcc/arm-none-eabi/5.4.1/../../../../arm-none-eabi/lib/armv7e-m\libg_nano.a(lib_a-impure.o)
 .ARM.attributes
                0x000003bf       0x2e e:/iti/arm/arm_stm32f401/tools/arm gcc/bin/../lib/gcc/arm-none-eabi/5.4.1/../../../../arm-none-eabi/lib/armv7e-m\libg_nano.a(lib_a-vsnprintf.o)
 .ARM.attributes
                0x000003ed       0x2e e:/iti/arm/arm_stm32f401/tools/arm gcc/bin/../lib/gcc/arm-none-eabi/5.4.1/../../../../arm-none-eabi/lib/armv7e-m\libg_nano.a(lib_a-nano-svfprintf.o)
 .ARM.attributes
                0x0000041b       0x2e e:/iti/arm/arm_stm32f401/tools/arm gcc/bin/../lib/gcc/arm-none-eabi/5.4.1/../../../../arm-none-eabi/lib/armv7e-m\libg_nano.a(lib_a-nano-vfprintf_i.o)
 .ARM.attributes
                0x00000449       0x1c e:/iti/arm/arm_stm32f401/tools/arm gcc/bin/../lib/gcc/arm-none-eabi/5.4.1/../../../../arm-none-eabi/lib/armv7e-m\libg_nano.a(lib_a-memchr.o)
 .ARM.attributes
                0x00000465       0x2e e:/iti/arm/arm_stm32f401/tools/arm gcc/bin/../lib/gcc/arm-none-eabi/5.4.1/../../../../arm-none-eabi/lib/armv7e-m\libg_nano.a(lib_a-memcpy-stub.o)
 .ARM.attributes
                0x00000493       0x2e e:/iti/arm/arm_stm32f401/tools/arm gcc/bin/../lib/gcc/arm-none-eabi/5.4.1/../../../../arm-none-eabi/lib/armv7e-m\libg_nano.a(lib_a-memmove.o)
 .ARM.attributes
                0x000004c1       0x2e e:/iti/arm/arm_stm32f401/tools/arm gcc/bin/../lib/gcc/arm-none-eabi/5.4.1/../../../../arm-none-eabi/lib/armv7e-m\libg_nano.a(lib_a-nano-freer.o)
 .ARM.attributes
                0x000004ef       0x2e e:/iti/arm/arm_stm32f401/tools/arm gcc/bin/../lib/gcc/arm-none-eabi/5.4.1/../../../../arm-none-eabi/lib/armv7e-m\libg_nano.a(lib_a-nano-mallocr.o)
 .ARM.attributes
                0x0000051d       0x2e e:/iti/arm/arm_stm32f401/tools/arm gcc/bin/../lib/gcc/arm-none-eabi/5.4.1/../../../../arm-none-eabi/lib/armv7e-m\libg_nano.a(lib_a-nano-reallocr.o)
 .ARM.attributes
                0x0000054b       0x2e e:/iti/arm/arm_stm32f401/tools/arm gcc/bin/../lib/gcc/arm-none-eabi/5.4.1/../../../../arm-none-eabi/lib/armv7e-m\libg_nano.a(lib_a-sbrkr.o)
 .ARM.attributes
                0x00000579       0x2e e:/iti/arm/arm_stm32f401/tools/arm gcc/bin/../lib/gcc/arm-none-eabi/5.4.1/../../../../arm-none-eabi/lib/armv7e-m\libg_nano.a(lib_a-mlock.o)
 .ARM.attributes
                0x000005a7       0x2e e:/iti/arm/arm_stm32f401/tools/arm gcc/bin/../lib/gcc/arm-none-eabi/5.4.1/../../../../arm-none-eabi/lib/armv7e-m\libg_nano.a(lib_a-nano-msizer.o)

.debug
 *(.debug)

.line
 *(.line)

.debug_srcinfo
 *(.debug_srcinfo)

.debug_sfnames
 *(.debug_sfnames)

.debug_aranges  0x00000000      0x3e8
 *(.debug_aranges)
 .debug_aranges
                0x00000000       0x28 ./system/src/newlib/exit.o
 .debug_aranges
                0x00000028       0x20 ./system/src/newlib/sbrk.o
 .debug_aranges
                0x00000048       0x40 ./system/src/newlib/startup.o
 .debug_aranges
                0x00000088       0x30 ./system/src/newlib/syscalls.o
 .debug_aranges
                0x000000b8       0x30 ./system/src/diag/trace-impl.o
 .debug_aranges
                0x000000e8       0x38 ./system/src/diag/trace.o
 .debug_aranges
                0x00000120       0x90 ./system/src/cortexm/exception-handlers.o
 .debug_aranges
                0x000001b0       0x28 ./system/src/cortexm/initialize-hardware.o
 .debug_aranges
                0x000001d8       0x28 ./system/src/cmsis/system_stm32f4xx.o
 .debug_aranges
                0x00000200       0x20 ./system/src/cmsis/vectors_stm32f401xc.o
 .debug_aranges
                0x00000220       0x30 ./src/MCAL/GPIO.o
 .debug_aranges
                0x00000250       0x60 ./src/MCAL/NVIC.o
 .debug_aranges
                0x000002b0       0xa0 ./src/MCAL/RCC.o
 .debug_aranges
                0x00000350       0x20 ./src/HAL/CLK_Control.o
 .debug_aranges
                0x00000370       0x28 ./src/HAL/LED.o
 .debug_aranges
                0x00000398       0x18 ./src/CFG/LED_Cfg.o
 .debug_aranges
                0x000003b0       0x38 ./src/APP/main.o

.debug_pubnames
 *(.debug_pubnames)

.debug_info     0x00000000     0x3a50
 *(.debug_info .gnu.linkonce.wi.*)
 .debug_info    0x00000000       0xef ./system/src/newlib/exit.o
 .debug_info    0x000000ef      0x11f ./system/src/newlib/sbrk.o
 .debug_info    0x0000020e      0x4f2 ./system/src/newlib/startup.o
 .debug_info    0x00000700      0x1c7 ./system/src/newlib/syscalls.o
 .debug_info    0x000008c7      0x30b ./system/src/diag/trace-impl.o
 .debug_info    0x00000bd2      0x2e7 ./system/src/diag/trace.o
 .debug_info    0x00000eb9      0x8f4 ./system/src/cortexm/exception-handlers.o
 .debug_info    0x000017ad      0x2b8 ./system/src/cortexm/initialize-hardware.o
 .debug_info    0x00001a65      0x502 ./system/src/cmsis/system_stm32f4xx.o
 .debug_info    0x00001f67       0xd1 ./system/src/cmsis/vectors_stm32f401xc.o
 .debug_info    0x00002038      0x2bf ./src/MCAL/GPIO.o
 .debug_info    0x000022f7      0x753 ./src/MCAL/NVIC.o
 .debug_info    0x00002a4a      0x793 ./src/MCAL/RCC.o
 .debug_info    0x000031dd       0xfc ./src/HAL/CLK_Control.o
 .debug_info    0x000032d9      0x296 ./src/HAL/LED.o
 .debug_info    0x0000356f      0x104 ./src/CFG/LED_Cfg.o
 .debug_info    0x00003673      0x3dd ./src/APP/main.o

.debug_abbrev   0x00000000     0x12bf
 *(.debug_abbrev)
 .debug_abbrev  0x00000000       0x8e ./system/src/newlib/exit.o
 .debug_abbrev  0x0000008e       0xb9 ./system/src/newlib/sbrk.o
 .debug_abbrev  0x00000147      0x1b6 ./system/src/newlib/startup.o
 .debug_abbrev  0x000002fd       0xec ./system/src/newlib/syscalls.o
 .debug_abbrev  0x000003e9      0x1c8 ./system/src/diag/trace-impl.o
 .debug_abbrev  0x000005b1      0x156 ./system/src/diag/trace.o
 .debug_abbrev  0x00000707      0x247 ./system/src/cortexm/exception-handlers.o
 .debug_abbrev  0x0000094e       0xea ./system/src/cortexm/initialize-hardware.o
 .debug_abbrev  0x00000a38      0x104 ./system/src/cmsis/system_stm32f4xx.o
 .debug_abbrev  0x00000b3c       0x9d ./system/src/cmsis/vectors_stm32f401xc.o
 .debug_abbrev  0x00000bd9       0xcb ./src/MCAL/GPIO.o
 .debug_abbrev  0x00000ca4      0x18c ./src/MCAL/NVIC.o
 .debug_abbrev  0x00000e30      0x124 ./src/MCAL/RCC.o
 .debug_abbrev  0x00000f54       0xa9 ./src/HAL/CLK_Control.o
 .debug_abbrev  0x00000ffd      0x121 ./src/HAL/LED.o
 .debug_abbrev  0x0000111e       0x9f ./src/CFG/LED_Cfg.o
 .debug_abbrev  0x000011bd      0x102 ./src/APP/main.o

.debug_line     0x00000000     0x4020
 *(.debug_line)
 .debug_line    0x00000000      0x2f4 ./system/src/newlib/exit.o
 .debug_line    0x000002f4      0x2a5 ./system/src/newlib/sbrk.o
 .debug_line    0x00000599      0x36d ./system/src/newlib/startup.o
 .debug_line    0x00000906      0x3ae ./system/src/newlib/syscalls.o
 .debug_line    0x00000cb4      0xa7f ./system/src/diag/trace-impl.o
 .debug_line    0x00001733      0x363 ./system/src/diag/trace.o
 .debug_line    0x00001a96      0xb29 ./system/src/cortexm/exception-handlers.o
 .debug_line    0x000025bf      0x810 ./system/src/cortexm/initialize-hardware.o
 .debug_line    0x00002dcf      0x80b ./system/src/cmsis/system_stm32f4xx.o
 .debug_line    0x000035da       0xf4 ./system/src/cmsis/vectors_stm32f401xc.o
 .debug_line    0x000036ce      0x142 ./src/MCAL/GPIO.o
 .debug_line    0x00003810      0x1a8 ./src/MCAL/NVIC.o
 .debug_line    0x000039b8      0x2c0 ./src/MCAL/RCC.o
 .debug_line    0x00003c78       0xbd ./src/HAL/CLK_Control.o
 .debug_line    0x00003d35      0x107 ./src/HAL/LED.o
 .debug_line    0x00003e3c       0xb8 ./src/CFG/LED_Cfg.o
 .debug_line    0x00003ef4      0x12c ./src/APP/main.o

.debug_frame    0x00000000      0x9e8
 *(.debug_frame)
 .debug_frame   0x00000000       0x38 ./system/src/newlib/exit.o
 .debug_frame   0x00000038       0x28 ./system/src/newlib/sbrk.o
 .debug_frame   0x00000060       0x7c ./system/src/newlib/startup.o
 .debug_frame   0x000000dc       0x50 ./system/src/newlib/syscalls.o
 .debug_frame   0x0000012c       0x60 ./system/src/diag/trace-impl.o
 .debug_frame   0x0000018c       0x94 ./system/src/diag/trace.o
 .debug_frame   0x00000220      0x158 ./system/src/cortexm/exception-handlers.o
 .debug_frame   0x00000378       0x40 ./system/src/cortexm/initialize-hardware.o
 .debug_frame   0x000003b8       0x30 ./system/src/cmsis/system_stm32f4xx.o
 .debug_frame   0x000003e8       0x20 ./system/src/cmsis/vectors_stm32f401xc.o
 .debug_frame   0x00000408       0x54 ./src/MCAL/GPIO.o
 .debug_frame   0x0000045c       0xb0 ./src/MCAL/NVIC.o
 .debug_frame   0x0000050c      0x12c ./src/MCAL/RCC.o
 .debug_frame   0x00000638       0x2c ./src/HAL/CLK_Control.o
 .debug_frame   0x00000664       0x50 ./src/HAL/LED.o
 .debug_frame   0x000006b4       0x70 ./src/APP/main.o
 .debug_frame   0x00000724       0x20 e:/iti/arm/arm_stm32f401/tools/arm gcc/bin/../lib/gcc/arm-none-eabi/5.4.1/../../../../arm-none-eabi/lib/armv7e-m\libg_nano.a(lib_a-errno.o)
 .debug_frame   0x00000744       0x48 e:/iti/arm/arm_stm32f401/tools/arm gcc/bin/../lib/gcc/arm-none-eabi/5.4.1/../../../../arm-none-eabi/lib/armv7e-m\libg_nano.a(lib_a-vsnprintf.o)
 .debug_frame   0x0000078c       0x90 e:/iti/arm/arm_stm32f401/tools/arm gcc/bin/../lib/gcc/arm-none-eabi/5.4.1/../../../../arm-none-eabi/lib/armv7e-m\libg_nano.a(lib_a-nano-svfprintf.o)
 .debug_frame   0x0000081c       0x60 e:/iti/arm/arm_stm32f401/tools/arm gcc/bin/../lib/gcc/arm-none-eabi/5.4.1/../../../../arm-none-eabi/lib/armv7e-m\libg_nano.a(lib_a-nano-vfprintf_i.o)
 .debug_frame   0x0000087c       0x28 e:/iti/arm/arm_stm32f401/tools/arm gcc/bin/../lib/gcc/arm-none-eabi/5.4.1/../../../../arm-none-eabi/lib/armv7e-m\libg_nano.a(lib_a-memcpy-stub.o)
 .debug_frame   0x000008a4       0x28 e:/iti/arm/arm_stm32f401/tools/arm gcc/bin/../lib/gcc/arm-none-eabi/5.4.1/../../../../arm-none-eabi/lib/armv7e-m\libg_nano.a(lib_a-memmove.o)
 .debug_frame   0x000008cc       0x38 e:/iti/arm/arm_stm32f401/tools/arm gcc/bin/../lib/gcc/arm-none-eabi/5.4.1/../../../../arm-none-eabi/lib/armv7e-m\libg_nano.a(lib_a-nano-freer.o)
 .debug_frame   0x00000904       0x2c e:/iti/arm/arm_stm32f401/tools/arm gcc/bin/../lib/gcc/arm-none-eabi/5.4.1/../../../../arm-none-eabi/lib/armv7e-m\libg_nano.a(lib_a-nano-mallocr.o)
 .debug_frame   0x00000930       0x3c e:/iti/arm/arm_stm32f401/tools/arm gcc/bin/../lib/gcc/arm-none-eabi/5.4.1/../../../../arm-none-eabi/lib/armv7e-m\libg_nano.a(lib_a-nano-reallocr.o)
 .debug_frame   0x0000096c       0x2c e:/iti/arm/arm_stm32f401/tools/arm gcc/bin/../lib/gcc/arm-none-eabi/5.4.1/../../../../arm-none-eabi/lib/armv7e-m\libg_nano.a(lib_a-sbrkr.o)
 .debug_frame   0x00000998       0x30 e:/iti/arm/arm_stm32f401/tools/arm gcc/bin/../lib/gcc/arm-none-eabi/5.4.1/../../../../arm-none-eabi/lib/armv7e-m\libg_nano.a(lib_a-mlock.o)
 .debug_frame   0x000009c8       0x20 e:/iti/arm/arm_stm32f401/tools/arm gcc/bin/../lib/gcc/arm-none-eabi/5.4.1/../../../../arm-none-eabi/lib/armv7e-m\libg_nano.a(lib_a-nano-msizer.o)

.debug_str      0x00000000    0xa7e11
 *(.debug_str)
 .debug_str     0x00000000     0x6d6a ./system/src/newlib/exit.o
                               0x6edc (size before relaxing)
 .debug_str     0x00006d6a      0x4dd ./system/src/newlib/sbrk.o
                               0x62c7 (size before relaxing)
 .debug_str     0x00007247      0xc28 ./system/src/newlib/startup.o
                               0x5ee2 (size before relaxing)
 .debug_str     0x00007e6f      0xe17 ./system/src/newlib/syscalls.o
                               0x7127 (size before relaxing)
 .debug_str     0x00008c86    0x9c641 ./system/src/diag/trace-impl.o
                              0xa32a4 (size before relaxing)
 .debug_str     0x000a52c7      0x884 ./system/src/diag/trace.o
                               0x76cd (size before relaxing)
 .debug_str     0x000a5b4b      0x20c ./system/src/cortexm/exception-handlers.o
                              0xa4066 (size before relaxing)
 .debug_str     0x000a5d57       0x5d ./system/src/cortexm/initialize-hardware.o
                              0x9f7ad (size before relaxing)
 .debug_str     0x000a5db4       0xf8 ./system/src/cmsis/system_stm32f4xx.o
                              0x9f8ad (size before relaxing)
 .debug_str     0x000a5eac       0x59 ./system/src/cmsis/vectors_stm32f401xc.o
                               0x309a (size before relaxing)
 .debug_str     0x000a5f05      0x9e9 ./src/MCAL/GPIO.o
                               0x2fce (size before relaxing)
 .debug_str     0x000a68ee      0x4da ./src/MCAL/NVIC.o
                               0x2ed9 (size before relaxing)
 .debug_str     0x000a6dc8      0xcb6 ./src/MCAL/RCC.o
                               0x3614 (size before relaxing)
 .debug_str     0x000a7a7e       0x49 ./src/HAL/CLK_Control.o
                               0x2e3e (size before relaxing)
 .debug_str     0x000a7ac7       0xf8 ./src/HAL/LED.o
                               0x2efc (size before relaxing)
 .debug_str     0x000a7bbf      0x215 ./src/CFG/LED_Cfg.o
                               0x2ffb (size before relaxing)
 .debug_str     0x000a7dd4       0x3d ./src/APP/main.o
                               0x2d26 (size before relaxing)

.debug_loc      0x00000000     0x205b
 *(.debug_loc)
 .debug_loc     0x00000000       0x82 ./system/src/newlib/sbrk.o
 .debug_loc     0x00000082      0x36e ./system/src/newlib/startup.o
 .debug_loc     0x000003f0       0x63 ./system/src/newlib/syscalls.o
 .debug_loc     0x00000453      0x17c ./system/src/diag/trace-impl.o
 .debug_loc     0x000005cf      0x102 ./system/src/diag/trace.o
 .debug_loc     0x000006d1      0x2a8 ./system/src/cortexm/exception-handlers.o
 .debug_loc     0x00000979      0x132 ./system/src/cmsis/system_stm32f4xx.o
 .debug_loc     0x00000aab      0x358 ./src/MCAL/GPIO.o
 .debug_loc     0x00000e03      0x5f2 ./src/MCAL/NVIC.o
 .debug_loc     0x000013f5      0xb47 ./src/MCAL/RCC.o
 .debug_loc     0x00001f3c       0x3a ./src/HAL/CLK_Control.o
 .debug_loc     0x00001f76       0xe5 ./src/HAL/LED.o

.debug_macinfo
 *(.debug_macinfo)

.debug_weaknames
 *(.debug_weaknames)

.debug_funcnames
 *(.debug_funcnames)

.debug_typenames
 *(.debug_typenames)

.debug_varnames
 *(.debug_varnames)
OUTPUT(STM32MAIN.elf elf32-littlearm)

.debug_ranges   0x00000000      0x320
 .debug_ranges  0x00000000       0x18 ./system/src/newlib/exit.o
 .debug_ranges  0x00000018       0x10 ./system/src/newlib/sbrk.o
 .debug_ranges  0x00000028       0x30 ./system/src/newlib/startup.o
 .debug_ranges  0x00000058       0x20 ./system/src/newlib/syscalls.o
 .debug_ranges  0x00000078       0x38 ./system/src/diag/trace-impl.o
 .debug_ranges  0x000000b0       0x28 ./system/src/diag/trace.o
 .debug_ranges  0x000000d8       0x98 ./system/src/cortexm/exception-handlers.o
 .debug_ranges  0x00000170       0x18 ./system/src/cortexm/initialize-hardware.o
 .debug_ranges  0x00000188       0x18 ./system/src/cmsis/system_stm32f4xx.o
 .debug_ranges  0x000001a0       0x10 ./system/src/cmsis/vectors_stm32f401xc.o
 .debug_ranges  0x000001b0       0x20 ./src/MCAL/GPIO.o
 .debug_ranges  0x000001d0       0x50 ./src/MCAL/NVIC.o
 .debug_ranges  0x00000220       0xb0 ./src/MCAL/RCC.o
 .debug_ranges  0x000002d0       0x10 ./src/HAL/CLK_Control.o
 .debug_ranges  0x000002e0       0x18 ./src/HAL/LED.o
 .debug_ranges  0x000002f8       0x28 ./src/APP/main.o

.debug_macro    0x00000000    0x19738
 .debug_macro   0x00000000      0x19c ./system/src/newlib/exit.o
 .debug_macro   0x0000019c      0x151 ./system/src/newlib/sbrk.o
 .debug_macro   0x000002ed      0x174 ./system/src/newlib/sbrk.o
 .debug_macro   0x00000461       0x10 ./system/src/newlib/sbrk.o
 .debug_macro   0x00000471      0x23b ./system/src/newlib/sbrk.o
 .debug_macro   0x000006ac      0x15b ./system/src/newlib/startup.o
 .debug_macro   0x00000807      0x89e ./system/src/newlib/startup.o
 .debug_macro   0x000010a5      0x1ff ./system/src/newlib/syscalls.o
 .debug_macro   0x000012a4       0x1c ./system/src/newlib/syscalls.o
 .debug_macro   0x000012c0       0x10 ./system/src/newlib/syscalls.o
 .debug_macro   0x000012d0       0x10 ./system/src/newlib/syscalls.o
 .debug_macro   0x000012e0       0x10 ./system/src/newlib/syscalls.o
 .debug_macro   0x000012f0       0x35 ./system/src/newlib/syscalls.o
 .debug_macro   0x00001325      0x122 ./system/src/newlib/syscalls.o
 .debug_macro   0x00001447       0x88 ./system/src/newlib/syscalls.o
 .debug_macro   0x000014cf       0x2b ./system/src/newlib/syscalls.o
 .debug_macro   0x000014fa      0x118 ./system/src/newlib/syscalls.o
 .debug_macro   0x00001612      0x159 ./system/src/newlib/syscalls.o
 .debug_macro   0x0000176b       0x16 ./system/src/newlib/syscalls.o
 .debug_macro   0x00001781      0x4e2 ./system/src/diag/trace-impl.o
 .debug_macro   0x00001c63       0x2e ./system/src/diag/trace-impl.o
 .debug_macro   0x00001c91       0x28 ./system/src/diag/trace-impl.o
 .debug_macro   0x00001cb9       0x1c ./system/src/diag/trace-impl.o
 .debug_macro   0x00001cd5       0x22 ./system/src/diag/trace-impl.o
 .debug_macro   0x00001cf7       0xdf ./system/src/diag/trace-impl.o
 .debug_macro   0x00001dd6     0x102d ./system/src/diag/trace-impl.o
 .debug_macro   0x00002e03      0x11f ./system/src/diag/trace-impl.o
 .debug_macro   0x00002f22     0xb850 ./system/src/diag/trace-impl.o
 .debug_macro   0x0000e772       0x43 ./system/src/diag/trace-impl.o
 .debug_macro   0x0000e7b5      0x3a2 ./system/src/diag/trace-impl.o
 .debug_macro   0x0000eb57     0x3659 ./system/src/diag/trace-impl.o
 .debug_macro   0x000121b0       0x5a ./system/src/diag/trace-impl.o
 .debug_macro   0x0001220a      0x416 ./system/src/diag/trace-impl.o
 .debug_macro   0x00012620      0x9fe ./system/src/diag/trace-impl.o
 .debug_macro   0x0001301e      0x117 ./system/src/diag/trace-impl.o
 .debug_macro   0x00013135       0xf8 ./system/src/diag/trace-impl.o
 .debug_macro   0x0001322d       0x27 ./system/src/diag/trace-impl.o
 .debug_macro   0x00013254      0x15f ./system/src/diag/trace-impl.o
 .debug_macro   0x000133b3      0x287 ./system/src/diag/trace-impl.o
 .debug_macro   0x0001363a       0x5f ./system/src/diag/trace-impl.o
 .debug_macro   0x00013699      0x236 ./system/src/diag/trace-impl.o
 .debug_macro   0x000138cf      0x391 ./system/src/diag/trace-impl.o
 .debug_macro   0x00013c60      0x176 ./system/src/diag/trace-impl.o
 .debug_macro   0x00013dd6       0xf9 ./system/src/diag/trace-impl.o
 .debug_macro   0x00013ecf       0x22 ./system/src/diag/trace-impl.o
 .debug_macro   0x00013ef1      0x132 ./system/src/diag/trace-impl.o
 .debug_macro   0x00014023      0x23a ./system/src/diag/trace-impl.o
 .debug_macro   0x0001425d       0x2e ./system/src/diag/trace-impl.o
 .debug_macro   0x0001428b      0x1b5 ./system/src/diag/trace-impl.o
 .debug_macro   0x00014440       0x22 ./system/src/diag/trace-impl.o
 .debug_macro   0x00014462       0xd6 ./system/src/diag/trace-impl.o
 .debug_macro   0x00014538      0x279 ./system/src/diag/trace-impl.o
 .debug_macro   0x000147b1      0x1a7 ./system/src/diag/trace-impl.o
 .debug_macro   0x00014958       0x46 ./system/src/diag/trace-impl.o
 .debug_macro   0x0001499e       0x4a ./system/src/diag/trace-impl.o
 .debug_macro   0x000149e8       0x78 ./system/src/diag/trace-impl.o
 .debug_macro   0x00014a60      0x11a ./system/src/diag/trace-impl.o
 .debug_macro   0x00014b7a       0x85 ./system/src/diag/trace-impl.o
 .debug_macro   0x00014bff       0x89 ./system/src/diag/trace-impl.o
 .debug_macro   0x00014c88      0x31a ./system/src/diag/trace-impl.o
 .debug_macro   0x00014fa2      0x405 ./system/src/diag/trace-impl.o
 .debug_macro   0x000153a7       0xe4 ./system/src/diag/trace-impl.o
 .debug_macro   0x0001548b      0x861 ./system/src/diag/trace-impl.o
 .debug_macro   0x00015cec      0x1d5 ./system/src/diag/trace-impl.o
 .debug_macro   0x00015ec1      0x225 ./system/src/diag/trace-impl.o
 .debug_macro   0x000160e6      0x8a0 ./system/src/diag/trace-impl.o
 .debug_macro   0x00016986       0x47 ./system/src/diag/trace-impl.o
 .debug_macro   0x000169cd      0x287 ./system/src/diag/trace-impl.o
 .debug_macro   0x00016c54      0x217 ./system/src/diag/trace-impl.o
 .debug_macro   0x00016e6b      0x1b5 ./system/src/diag/trace-impl.o
 .debug_macro   0x00017020      0x2db ./system/src/diag/trace-impl.o
 .debug_macro   0x000172fb       0x8d ./system/src/diag/trace-impl.o
 .debug_macro   0x00017388      0x21e ./system/src/diag/trace-impl.o
 .debug_macro   0x000175a6       0xba ./system/src/diag/trace-impl.o
 .debug_macro   0x00017660       0x6e ./system/src/diag/trace-impl.o
 .debug_macro   0x000176ce      0x1e9 ./system/src/diag/trace-impl.o
 .debug_macro   0x000178b7      0x126 ./system/src/diag/trace-impl.o
 .debug_macro   0x000179dd       0x10 ./system/src/diag/trace-impl.o
 .debug_macro   0x000179ed      0x307 ./system/src/diag/trace-impl.o
 .debug_macro   0x00017cf4       0x22 ./system/src/diag/trace-impl.o
 .debug_macro   0x00017d16      0x1d9 ./system/src/diag/trace.o
 .debug_macro   0x00017eef       0x16 ./system/src/diag/trace.o
 .debug_macro   0x00017f05       0x97 ./system/src/diag/trace.o
 .debug_macro   0x00017f9c       0xfd ./system/src/diag/trace.o
 .debug_macro   0x00018099       0x10 ./system/src/diag/trace.o
 .debug_macro   0x000180a9       0x16 ./system/src/diag/trace.o
 .debug_macro   0x000180bf      0x18b ./system/src/diag/trace.o
 .debug_macro   0x0001824a       0x4c ./system/src/diag/trace.o
 .debug_macro   0x00018296       0x16 ./system/src/diag/trace.o
 .debug_macro   0x000182ac      0x528 ./system/src/cortexm/exception-handlers.o
 .debug_macro   0x000187d4       0x10 ./system/src/cortexm/exception-handlers.o
 .debug_macro   0x000187e4      0x390 ./system/src/cortexm/initialize-hardware.o
 .debug_macro   0x00018b74      0x38c ./system/src/cmsis/system_stm32f4xx.o
 .debug_macro   0x00018f00       0x34 ./system/src/cmsis/vectors_stm32f401xc.o
 .debug_macro   0x00018f34       0x78 ./src/MCAL/GPIO.o
 .debug_macro   0x00018fac       0x28 ./src/MCAL/GPIO.o
 .debug_macro   0x00018fd4       0xca ./src/MCAL/GPIO.o
 .debug_macro   0x0001909e      0x10c ./src/MCAL/GPIO.o
 .debug_macro   0x000191aa       0x6a ./src/MCAL/NVIC.o
 .debug_macro   0x00019214       0x22 ./src/MCAL/NVIC.o
 .debug_macro   0x00019236      0x12c ./src/MCAL/RCC.o
 .debug_macro   0x00019362      0x17e ./src/MCAL/RCC.o
 .debug_macro   0x000194e0       0x54 ./src/HAL/CLK_Control.o
 .debug_macro   0x00019534       0x28 ./src/HAL/CLK_Control.o
 .debug_macro   0x0001955c       0x5e ./src/HAL/LED.o
 .debug_macro   0x000195ba       0x1c ./src/HAL/LED.o
 .debug_macro   0x000195d6       0xe2 ./src/CFG/LED_Cfg.o
 .debug_macro   0x000196b8       0x80 ./src/APP/main.o
